Archive member included because of file (symbol)

c:/program files (x86)/atollic/truestudio for arm 5.4.2/armtools/bin/../lib/gcc/arm-atollic-eabi/4.8.3/../../../../arm-atollic-eabi/lib/armv7-m\libc_s.a(lib_a-init.o)
                              src\startup_stm32f10x_hd.o (__libc_init_array)
c:/program files (x86)/atollic/truestudio for arm 5.4.2/armtools/bin/../lib/gcc/arm-atollic-eabi/4.8.3/../../../../arm-atollic-eabi/lib/armv7-m\libc_s.a(lib_a-strlen.o)
                              src\tiny_printf.o (strlen)
c:/program files (x86)/atollic/truestudio for arm 5.4.2/armtools/bin/../lib/gcc/arm-atollic-eabi/4.8.3/../../../../arm-atollic-eabi/lib/armv7-m\libc_s.a(lib_a-syscalls.o)
                              src\tiny_printf.o (_write)
c:/program files (x86)/atollic/truestudio for arm 5.4.2/armtools/bin/../lib/gcc/arm-atollic-eabi/4.8.3/../../../../arm-atollic-eabi/lib/armv7-m\libc_s.a(lib_a-reent.o)
                              c:/program files (x86)/atollic/truestudio for arm 5.4.2/armtools/bin/../lib/gcc/arm-atollic-eabi/4.8.3/../../../../arm-atollic-eabi/lib/armv7-m\libc_s.a(lib_a-syscalls.o) (errno)
c:/program files (x86)/atollic/truestudio for arm 5.4.2/armtools/bin/../lib/gcc/arm-atollic-eabi/4.8.3/../../../../arm-atollic-eabi/lib/armv7-m\libc_s.a(lib_a-impure.o)
                              c:/program files (x86)/atollic/truestudio for arm 5.4.2/armtools/bin/../lib/gcc/arm-atollic-eabi/4.8.3/../../../../arm-atollic-eabi/lib/armv7-m\libc_s.a(lib_a-reent.o) (_impure_ptr)
c:/program files (x86)/atollic/truestudio for arm 5.4.2/armtools/bin/../lib/gcc/arm-atollic-eabi/4.8.3/../../../../arm-atollic-eabi/lib/armv7-m\libc_s.a(lib_a-nano-freer.o)
                              c:/program files (x86)/atollic/truestudio for arm 5.4.2/armtools/bin/../lib/gcc/arm-atollic-eabi/4.8.3/../../../../arm-atollic-eabi/lib/armv7-m\libc_s.a(lib_a-reent.o) (_free_r)
c:/program files (x86)/atollic/truestudio for arm 5.4.2/armtools/bin/../lib/gcc/arm-atollic-eabi/4.8.3/../../../../arm-atollic-eabi/lib/armv7-m\libc_s.a(lib_a-nano-mallocr.o)
                              c:/program files (x86)/atollic/truestudio for arm 5.4.2/armtools/bin/../lib/gcc/arm-atollic-eabi/4.8.3/../../../../arm-atollic-eabi/lib/armv7-m\libc_s.a(lib_a-nano-freer.o) (__malloc_free_list)
c:/program files (x86)/atollic/truestudio for arm 5.4.2/armtools/bin/../lib/gcc/arm-atollic-eabi/4.8.3/../../../../arm-atollic-eabi/lib/armv7-m\libc_s.a(lib_a-sbrkr.o)
                              c:/program files (x86)/atollic/truestudio for arm 5.4.2/armtools/bin/../lib/gcc/arm-atollic-eabi/4.8.3/../../../../arm-atollic-eabi/lib/armv7-m\libc_s.a(lib_a-nano-mallocr.o) (_sbrk_r)
c:/program files (x86)/atollic/truestudio for arm 5.4.2/armtools/bin/../lib/gcc/arm-atollic-eabi/4.8.3/armv7-m\libgcc.a(_arm_addsubdf3.o)
                              src\gyro.o (__aeabi_i2d)
c:/program files (x86)/atollic/truestudio for arm 5.4.2/armtools/bin/../lib/gcc/arm-atollic-eabi/4.8.3/armv7-m\libgcc.a(_arm_muldivdf3.o)
                              src\gyro.o (__aeabi_dmul)
c:/program files (x86)/atollic/truestudio for arm 5.4.2/armtools/bin/../lib/gcc/arm-atollic-eabi/4.8.3/armv7-m\libgcc.a(_arm_truncdfsf2.o)
                              src\gyro.o (__aeabi_d2f)
c:/program files (x86)/atollic/truestudio for arm 5.4.2/armtools/bin/../lib/gcc/arm-atollic-eabi/4.8.3/armv7-m\libgcc.a(_arm_addsubsf3.o)
                              src\AccMag.o (__aeabi_i2f)

Allocating common symbols
Common symbol       size              file

Tx_chars            0x2               src\serial_terminal.o
recVal              0x2               src\main.o
errno               0x4               c:/program files (x86)/atollic/truestudio for arm 5.4.2/armtools/bin/../lib/gcc/arm-atollic-eabi/4.8.3/../../../../arm-atollic-eabi/lib/armv7-m\libc_s.a(lib_a-reent.o)
dataS4              0x32              src\serial_terminal.o
dataS2              0x32              src\serial_terminal.o
lengthS1            0x2               src\serial_terminal.o
dataS3              0x32              src\serial_terminal.o
dataS1              0x32              src\serial_terminal.o
ADC_ConvertedValue  0xa               src\ADC.o
TxBuff              0x32              src\serial_terminal.o

Discarded input sections

 .text          0x00000000        0x0 c:/program files (x86)/atollic/truestudio for arm 5.4.2/armtools/bin/../lib/gcc/arm-atollic-eabi/4.8.3/armv7-m/crti.o
 .data          0x00000000        0x0 c:/program files (x86)/atollic/truestudio for arm 5.4.2/armtools/bin/../lib/gcc/arm-atollic-eabi/4.8.3/armv7-m/crti.o
 .bss           0x00000000        0x0 c:/program files (x86)/atollic/truestudio for arm 5.4.2/armtools/bin/../lib/gcc/arm-atollic-eabi/4.8.3/armv7-m/crti.o
 .data          0x00000000        0x4 c:/program files (x86)/atollic/truestudio for arm 5.4.2/armtools/bin/../lib/gcc/arm-atollic-eabi/4.8.3/armv7-m/crtbegin.o
 .text          0x00000000        0x0 src\tiny_printf.o
[...]
Memory Configuration

Name             Origin             Length             Attributes
FLASH            0x08000000         0x00080000         xr
RAM              0x20000000         0x00010000         xrw
MEMORY_B1        0x60000000         0x00000000         xr
*default*        0x00000000         0xffffffff

Linker script and memory map

LOAD c:/program files (x86)/atollic/truestudio for arm 5.4.2/armtools/bin/../lib/gcc/arm-atollic-eabi/4.8.3/armv7-m/crti.o
LOAD c:/program files (x86)/atollic/truestudio for arm 5.4.2/armtools/bin/../lib/gcc/arm-atollic-eabi/4.8.3/armv7-m/crtbegin.o
LOAD src\tiny_printf.o
LOAD src\testPorts.o
LOAD src\system_stm32f10x.o
LOAD src\stm32f10x_it.o
LOAD src\startup_stm32f10x_hd.o
LOAD src\serial_terminal.o
LOAD src\send.o
LOAD src\pwm.o
LOAD src\main.o
LOAD src\junk.o
LOAD src\gyro.o
LOAD src\gpioPorts.o
LOAD src\controlLoopTimer.o
LOAD src\control.o
LOAD src\XBEE.o
LOAD src\USART.o
LOAD src\SPI.o
LOAD src\I2C.o
LOAD src\DMA.o
LOAD src\CRC.o
LOAD src\AccMag.o
LOAD src\ADC.o
LOAD Libraries\STM32F10x_StdPeriph_Driver\src\stm32f10x_wwdg.o
LOAD Libraries\STM32F10x_StdPeriph_Driver\src\stm32f10x_usart.o
LOAD Libraries\STM32F10x_StdPeriph_Driver\src\stm32f10x_tim.o
LOAD Libraries\STM32F10x_StdPeriph_Driver\src\stm32f10x_spi.o
LOAD Libraries\STM32F10x_StdPeriph_Driver\src\stm32f10x_sdio.o
LOAD Libraries\STM32F10x_StdPeriph_Driver\src\stm32f10x_rtc.o
LOAD Libraries\STM32F10x_StdPeriph_Driver\src\stm32f10x_rcc.o
LOAD Libraries\STM32F10x_StdPeriph_Driver\src\stm32f10x_pwr.o
LOAD Libraries\STM32F10x_StdPeriph_Driver\src\stm32f10x_iwdg.o
LOAD Libraries\STM32F10x_StdPeriph_Driver\src\stm32f10x_i2c.o
LOAD Libraries\STM32F10x_StdPeriph_Driver\src\stm32f10x_gpio.o
LOAD Libraries\STM32F10x_StdPeriph_Driver\src\stm32f10x_fsmc.o
LOAD Libraries\STM32F10x_StdPeriph_Driver\src\stm32f10x_flash.o
LOAD Libraries\STM32F10x_StdPeriph_Driver\src\stm32f10x_exti.o
LOAD Libraries\STM32F10x_StdPeriph_Driver\src\stm32f10x_dma.o
LOAD Libraries\STM32F10x_StdPeriph_Driver\src\stm32f10x_dbgmcu.o
LOAD Libraries\STM32F10x_StdPeriph_Driver\src\stm32f10x_dac.o
LOAD Libraries\STM32F10x_StdPeriph_Driver\src\stm32f10x_crc.o
LOAD Libraries\STM32F10x_StdPeriph_Driver\src\stm32f10x_cec.o
LOAD Libraries\STM32F10x_StdPeriph_Driver\src\stm32f10x_can.o
LOAD Libraries\STM32F10x_StdPeriph_Driver\src\stm32f10x_bkp.o
LOAD Libraries\STM32F10x_StdPeriph_Driver\src\stm32f10x_adc.o
LOAD Libraries\STM32F10x_StdPeriph_Driver\src\misc.o
START GROUP
LOAD c:/program files (x86)/atollic/truestudio for arm 5.4.2/armtools/bin/../lib/gcc/arm-atollic-eabi/4.8.3/../../../../arm-atollic-eabi/lib/armv7-m\libc_s.a
LOAD c:/program files (x86)/atollic/truestudio for arm 5.4.2/armtools/bin/../lib/gcc/arm-atollic-eabi/4.8.3/../../../../arm-atollic-eabi/lib/armv7-m\libm.a
END GROUP
                0x00001000                malloc_getpagesize_P = 0x1000
START GROUP
LOAD c:/program files (x86)/atollic/truestudio for arm 5.4.2/armtools/bin/../lib/gcc/arm-atollic-eabi/4.8.3/armv7-m\libgcc.a
LOAD c:/program files (x86)/atollic/truestudio for arm 5.4.2/armtools/bin/../lib/gcc/arm-atollic-eabi/4.8.3/../../../../arm-atollic-eabi/lib/armv7-m\libc.a
END GROUP
LOAD c:/program files (x86)/atollic/truestudio for arm 5.4.2/armtools/bin/../lib/gcc/arm-atollic-eabi/4.8.3/armv7-m/crtend.o
LOAD c:/program files (x86)/atollic/truestudio for arm 5.4.2/armtools/bin/../lib/gcc/arm-atollic-eabi/4.8.3/armv7-m/crtn.o
                0x20010000                _estack = 0x20010000
                0x00000000                _Min_Heap_Size = 0x0
                0x00000200                _Min_Stack_Size = 0x200

.isr_vector     0x08000000      0x1e4
                0x08000000                . = ALIGN (0x4)
 *(.isr_vector)
 .isr_vector    0x08000000      0x1e4 src\startup_stm32f10x_hd.o
                0x08000000                g_pfnVectors
                0x080001e4                . = ALIGN (0x4)

.text           0x080001e8     0x3fac
                0x080001e8                . = ALIGN (0x4)
 *(.text)
 .text          0x080001e8       0x40 c:/program files (x86)/atollic/truestudio for arm 5.4.2/armtools/bin/../lib/gcc/arm-atollic-eabi/4.8.3/armv7-m/crtbegin.o
 .text          0x08000228      0x370 c:/program files (x86)/atollic/truestudio for arm 5.4.2/armtools/bin/../lib/gcc/arm-atollic-eabi/4.8.3/armv7-m\libgcc.a(_arm_addsubdf3.o)
                0x08000228                __aeabi_drsub
                0x08000230                __aeabi_dsub
                0x08000230                __subdf3
                0x08000234                __aeabi_dadd
                0x08000234                __adddf3
                0x080004ac                __floatunsidf
                0x080004ac                __aeabi_ui2d
                0x080004cc                __floatsidf
                0x080004cc                __aeabi_i2d
                0x080004f0                __aeabi_f2d
                0x080004f0                __extendsfdf2
                0x0800052c                __floatundidf
                0x0800052c                __aeabi_ul2d
                0x0800053c                __floatdidf
                0x0800053c                __aeabi_l2d
 .text          0x08000598      0x424 c:/program files (x86)/atollic/truestudio for arm 5.4.2/armtools/bin/../lib/gcc/arm-atollic-eabi/4.8.3/armv7-m\libgcc.a(_arm_muldivdf3.o)
                0x08000598                __aeabi_dmul
                0x08000598                __muldf3
                0x080007ec                __divdf3
                0x080007ec                __aeabi_ddiv
 .text          0x080009bc       0xa0 c:/program files (x86)/atollic/truestudio for arm 5.4.2/armtools/bin/../lib/gcc/arm-atollic-eabi/4.8.3/armv7-m\libgcc.a(_arm_truncdfsf2.o)
                0x080009bc                __truncdfsf2
                0x080009bc                __aeabi_d2f
 .text          0x08000a5c      0x21c c:/program files (x86)/atollic/truestudio for arm 5.4.2/armtools/bin/../lib/gcc/arm-atollic-eabi/4.8.3/armv7-m\libgcc.a(_arm_addsubsf3.o)
                0x08000a5c                __aeabi_frsub
                0x08000a64                __subsf3
                0x08000a64                __aeabi_fsub
                0x08000a68                __aeabi_fadd
                0x08000a68                __addsf3
                0x08000bc8                __aeabi_ui2f
                0x08000bc8                __floatunsisf
                0x08000bd0                __aeabi_i2f
                0x08000bd0                __floatsisf
                0x08000bec                __aeabi_ul2f
                0x08000bec                __floatundisf
                0x08000bfc                __aeabi_l2f
                0x08000bfc                __floatdisf
 *(.text*)
 .text.SystemInit
                0x08000c78       0x68 src\system_stm32f10x.o
                0x08000c78                SystemInit
 .text.SetSysClock
                0x08000ce0        0xc src\system_stm32f10x.o
 .text.SetSysClockTo72
                0x08000cec      0x100 src\system_stm32f10x.o
 .text.NMI_Handler
                0x08000dec        0xc src\stm32f10x_it.o
                0x08000dec                NMI_Handler
 .text.HardFault_Handler
                0x08000df8        0x8 src\stm32f10x_it.o
                0x08000df8                HardFault_Handler
 .text.MemManage_Handler
                0x08000e00        0x8 src\stm32f10x_it.o
                0x08000e00                MemManage_Handler
 .text.BusFault_Handler
                0x08000e08        0x8 src\stm32f10x_it.o
                0x08000e08                BusFault_Handler
 .text.UsageFault_Handler
                0x08000e10        0x8 src\stm32f10x_it.o
                0x08000e10                UsageFault_Handler
 .text.SVC_Handler
                0x08000e18        0xc src\stm32f10x_it.o
                0x08000e18                SVC_Handler
 .text.DebugMon_Handler
                0x08000e24        0xc src\stm32f10x_it.o
                0x08000e24                DebugMon_Handler
 .text.PendSV_Handler
                0x08000e30        0xc src\stm32f10x_it.o
                0x08000e30                PendSV_Handler
 .text.SysTick_Handler
                0x08000e3c        0xc src\stm32f10x_it.o
                0x08000e3c                SysTick_Handler
 .text.Reset_Handler
                0x08000e48       0x58 src\startup_stm32f10x_hd.o
                0x08000e48                Reset_Handler
 .text.Default_Handler
                0x08000ea0        0x4 src\startup_stm32f10x_hd.o
                0x08000ea0                EXTI2_IRQHandler
                0x08000ea0                TIM8_TRG_COM_IRQHandler
                0x08000ea0                TIM8_CC_IRQHandler
                0x08000ea0                TIM1_CC_IRQHandler
                0x08000ea0                TIM6_IRQHandler
                0x08000ea0                PVD_IRQHandler
                0x08000ea0                SDIO_IRQHandler
                0x08000ea0                EXTI3_IRQHandler
                0x08000ea0                EXTI0_IRQHandler
                0x08000ea0                I2C2_EV_IRQHandler
                0x08000ea0                ADC1_2_IRQHandler
                0x08000ea0                SPI1_IRQHandler
                0x08000ea0                TAMPER_IRQHandler
                0x08000ea0                TIM8_UP_IRQHandler
                0x08000ea0                DMA2_Channel2_IRQHandler
                0x08000ea0                DMA1_Channel4_IRQHandler
                0x08000ea0                USART3_IRQHandler
                0x08000ea0                RTC_IRQHandler
                0x08000ea0                DMA1_Channel7_IRQHandler
                0x08000ea0                CAN1_RX1_IRQHandler
                0x08000ea0                UART5_IRQHandler
                0x08000ea0                ADC3_IRQHandler
                0x08000ea0                TIM4_IRQHandler
                0x08000ea0                DMA2_Channel1_IRQHandler
                0x08000ea0                I2C1_EV_IRQHandler
                0x08000ea0                DMA1_Channel6_IRQHandler
                0x08000ea0                UART4_IRQHandler
                0x08000ea0                TIM3_IRQHandler
                0x08000ea0                RCC_IRQHandler
                0x08000ea0                TIM1_TRG_COM_IRQHandler
                0x08000ea0                DMA1_Channel1_IRQHandler
                0x08000ea0                Default_Handler
                0x08000ea0                EXTI15_10_IRQHandler
                0x08000ea0                TIM7_IRQHandler
                0x08000ea0                TIM5_IRQHandler
                0x08000ea0                EXTI9_5_IRQHandler
                0x08000ea0                SPI2_IRQHandler
                0x08000ea0                DMA1_Channel5_IRQHandler
                0x08000ea0                EXTI4_IRQHandler
                0x08000ea0                USB_LP_CAN1_RX0_IRQHandler
                0x08000ea0                USB_HP_CAN1_TX_IRQHandler
                0x08000ea0                DMA1_Channel3_IRQHandler
                0x08000ea0                FSMC_IRQHandler
                0x08000ea0                TIM1_UP_IRQHandler
                0x08000ea0                WWDG_IRQHandler
                0x08000ea0                TIM1_BRK_IRQHandler
                0x08000ea0                EXTI1_IRQHandler
                0x08000ea0                RTCAlarm_IRQHandler
                0x08000ea0                DMA2_Channel4_5_IRQHandler
                0x08000ea0                USART2_IRQHandler
                0x08000ea0                I2C2_ER_IRQHandler
                0x08000ea0                DMA1_Channel2_IRQHandler
                0x08000ea0                TIM8_BRK_IRQHandler
                0x08000ea0                CAN1_SCE_IRQHandler
                0x08000ea0                FLASH_IRQHandler
                0x08000ea0                USART1_IRQHandler
                0x08000ea0                SPI3_IRQHandler
                0x08000ea0                I2C1_ER_IRQHandler
                0x08000ea0                USBWakeUp_IRQHandler
                0x08000ea0                DMA2_Channel3_IRQHandler
 .text.serialTerminal_Init
                0x08000ea4        0xc src\serial_terminal.o
                0x08000ea4                serialTerminal_Init
 .text.serialTerminal_packetize
                0x08000eb0      0x408 src\serial_terminal.o
                0x08000eb0                serialTerminal_packetize
 .text.setUpPWM
                0x080012b8       0xa4 src\pwm.o
                0x080012b8                setUpPWM
 .text.main     0x0800135c      0x1bc src\main.o
                0x0800135c                main
 .text.setUpGyro
                0x08001518       0x10 src\gyro.o
                0x08001518                setUpGyro
 .text.initSPIgyro
                0x08001528       0xa4 src\gyro.o
                0x08001528                initSPIgyro
 .text.spiGyroRegisterSetup
                0x080015cc       0x20 src\gyro.o
                0x080015cc                spiGyroRegisterSetup
 .text.writeSPIgyro
                0x080015ec       0xa4 src\gyro.o
                0x080015ec                writeSPIgyro
 .text.getGyro  0x08001690      0x2f4 src\gyro.o
                0x08001690                getGyro
 .text.getTemp  0x08001984       0x30 src\gyro.o
                0x08001984                getTemp
 .text.twosCompToDec16
                0x080019b4      0x14c src\gyro.o
                0x080019b4                twosCompToDec16
 .text.twosCompToDec8
                0x08001b00       0xa8 src\gyro.o
                0x08001b00                twosCompToDec8
 .text.setUpGPIO
                0x08001ba8       0x4c src\gpioPorts.o
                0x08001ba8                setUpGPIO
 .text.setUpLoopTimer
                0x08001bf4       0x68 src\controlLoopTimer.o
                0x08001bf4                setUpLoopTimer
 .text.TIM2_IRQHandler
                0x08001c5c       0x2c src\controlLoopTimer.o
                0x08001c5c                TIM2_IRQHandler
 .text.wait     0x08001c88       0x20 src\controlLoopTimer.o
                0x08001c88                wait
 .text.controlMethod
                0x08001ca8       0x2c src\control.o
                0x08001ca8                controlMethod
 .text.setUpXbee
                0x08001cd4       0x80 src\XBEE.o
                0x08001cd4                setUpXbee
 .text.S_DMA    0x08001d54       0x70 src\XBEE.o
                0x08001d54                S_DMA
 .text.initCRC  0x08001dc4       0x18 src\CRC.o
                0x08001dc4                initCRC
 .text.crcCalc  0x08001ddc       0x68 src\CRC.o
                0x08001ddc                crcCalc
 .text.buildTable
                0x08001e44       0x74 src\CRC.o
 .text.setUpEcompass
                0x08001eb8       0x10 src\AccMag.o
                0x08001eb8                setUpEcompass
 .text.initI2CEcompass
                0x08001ec8       0x7c src\AccMag.o
                0x08001ec8                initI2CEcompass
 .text.initRegistersEcompass
                0x08001f44      0x280 src\AccMag.o
                0x08001f44                initRegistersEcompass
 .text.eCompassRead
                0x080021c4      0x10c src\AccMag.o
                0x080021c4                eCompassRead
 .text.eCompassRead2
                0x080022d0      0x108 src\AccMag.o
                0x080022d0                eCompassRead2
 .text.getAcc   0x080023d8      0x290 src\AccMag.o
                0x080023d8                getAcc
 .text.getMag   0x08002668      0x5b0 src\AccMag.o
                0x08002668                getMag
 .text.twosCompToDec
                0x08002c18      0x14c src\AccMag.o
                0x08002c18                twosCompToDec
 .text.USART_Init
                0x08002d64      0x174 Libraries\STM32F10x_StdPeriph_Driver\src\stm32f10x_usart.o
                0x08002d64                USART_Init
 .text.USART_Cmd
                0x08002ed8       0x40 Libraries\STM32F10x_StdPeriph_Driver\src\stm32f10x_usart.o
                0x08002ed8                USART_Cmd
 .text.USART_DMACmd
                0x08002f18       0x48 Libraries\STM32F10x_StdPeriph_Driver\src\stm32f10x_usart.o
                0x08002f18                USART_DMACmd
 .text.USART_ReceiveData
                0x08002f60       0x20 Libraries\STM32F10x_StdPeriph_Driver\src\stm32f10x_usart.o
                0x08002f60                USART_ReceiveData
 .text.USART_GetFlagStatus
                0x08002f80       0x38 Libraries\STM32F10x_StdPeriph_Driver\src\stm32f10x_usart.o
                0x08002f80                USART_GetFlagStatus
 .text.USART_ClearFlag
                0x08002fb8       0x20 Libraries\STM32F10x_StdPeriph_Driver\src\stm32f10x_usart.o
                0x08002fb8                USART_ClearFlag
 .text.TIM_TimeBaseInit
                0x08002fd8       0xf8 Libraries\STM32F10x_StdPeriph_Driver\src\stm32f10x_tim.o
                0x08002fd8                TIM_TimeBaseInit
 .text.TIM_OC1Init
                0x080030d0      0x118 Libraries\STM32F10x_StdPeriph_Driver\src\stm32f10x_tim.o
                0x080030d0                TIM_OC1Init
 .text.TIM_Cmd  0x080031e8       0x40 Libraries\STM32F10x_StdPeriph_Driver\src\stm32f10x_tim.o
                0x080031e8                TIM_Cmd
 .text.TIM_CtrlPWMOutputs
                0x08003228       0x4c Libraries\STM32F10x_StdPeriph_Driver\src\stm32f10x_tim.o
                0x08003228                TIM_CtrlPWMOutputs
 .text.TIM_ITConfig
                0x08003274       0x48 Libraries\STM32F10x_StdPeriph_Driver\src\stm32f10x_tim.o
                0x08003274                TIM_ITConfig
 .text.TIM_ARRPreloadConfig
                0x080032bc       0x40 Libraries\STM32F10x_StdPeriph_Driver\src\stm32f10x_tim.o
                0x080032bc                TIM_ARRPreloadConfig
 .text.TIM_OC1PreloadConfig
                0x080032fc       0x38 Libraries\STM32F10x_StdPeriph_Driver\src\stm32f10x_tim.o
                0x080032fc                TIM_OC1PreloadConfig
 .text.TIM_SetCounter
                0x08003334       0x1c Libraries\STM32F10x_StdPeriph_Driver\src\stm32f10x_tim.o
                0x08003334                TIM_SetCounter
 .text.TIM_SetCompare1
                0x08003350       0x1c Libraries\STM32F10x_StdPeriph_Driver\src\stm32f10x_tim.o
                0x08003350                TIM_SetCompare1
 .text.TIM_GetITStatus
                0x0800336c       0x54 Libraries\STM32F10x_StdPeriph_Driver\src\stm32f10x_tim.o
                0x0800336c                TIM_GetITStatus
 .text.TIM_ClearITPendingBit
                0x080033c0       0x20 Libraries\STM32F10x_StdPeriph_Driver\src\stm32f10x_tim.o
                0x080033c0                TIM_ClearITPendingBit
 .text.SPI_I2S_DeInit
                0x080033e0       0x74 Libraries\STM32F10x_StdPeriph_Driver\src\stm32f10x_spi.o
                0x080033e0                SPI_I2S_DeInit
 .text.SPI_Init
                0x08003454       0x88 Libraries\STM32F10x_StdPeriph_Driver\src\stm32f10x_spi.o
                0x08003454                SPI_Init
 .text.SPI_Cmd  0x080034dc       0x40 Libraries\STM32F10x_StdPeriph_Driver\src\stm32f10x_spi.o
                0x080034dc                SPI_Cmd
 .text.SPI_I2S_SendData
                0x0800351c       0x1c Libraries\STM32F10x_StdPeriph_Driver\src\stm32f10x_spi.o
                0x0800351c                SPI_I2S_SendData
 .text.SPI_I2S_ReceiveData
                0x08003538       0x1c Libraries\STM32F10x_StdPeriph_Driver\src\stm32f10x_spi.o
                0x08003538                SPI_I2S_ReceiveData
 .text.SPI_I2S_GetFlagStatus
                0x08003554       0x38 Libraries\STM32F10x_StdPeriph_Driver\src\stm32f10x_spi.o
                0x08003554                SPI_I2S_GetFlagStatus
 .text.RCC_GetClocksFreq
                0x0800358c      0x164 Libraries\STM32F10x_StdPeriph_Driver\src\stm32f10x_rcc.o
                0x0800358c                RCC_GetClocksFreq
 .text.RCC_AHBPeriphClockCmd
                0x080036f0       0x3c Libraries\STM32F10x_StdPeriph_Driver\src\stm32f10x_rcc.o
                0x080036f0                RCC_AHBPeriphClockCmd
 .text.RCC_APB2PeriphClockCmd
                0x0800372c       0x3c Libraries\STM32F10x_StdPeriph_Driver\src\stm32f10x_rcc.o
                0x0800372c                RCC_APB2PeriphClockCmd
 .text.RCC_APB1PeriphClockCmd
                0x08003768       0x3c Libraries\STM32F10x_StdPeriph_Driver\src\stm32f10x_rcc.o
                0x08003768                RCC_APB1PeriphClockCmd
 .text.RCC_APB2PeriphResetCmd
                0x080037a4       0x3c Libraries\STM32F10x_StdPeriph_Driver\src\stm32f10x_rcc.o
                0x080037a4                RCC_APB2PeriphResetCmd
 .text.RCC_APB1PeriphResetCmd
                0x080037e0       0x3c Libraries\STM32F10x_StdPeriph_Driver\src\stm32f10x_rcc.o
                0x080037e0                RCC_APB1PeriphResetCmd
 .text.I2C_DeInit
                0x0800381c       0x44 Libraries\STM32F10x_StdPeriph_Driver\src\stm32f10x_i2c.o
                0x0800381c                I2C_DeInit
 .text.I2C_Init
                0x08003860      0x184 Libraries\STM32F10x_StdPeriph_Driver\src\stm32f10x_i2c.o
                0x08003860                I2C_Init
 .text.I2C_Cmd  0x080039e4       0x40 Libraries\STM32F10x_StdPeriph_Driver\src\stm32f10x_i2c.o
                0x080039e4                I2C_Cmd
 .text.I2C_GenerateSTART
                0x08003a24       0x40 Libraries\STM32F10x_StdPeriph_Driver\src\stm32f10x_i2c.o
                0x08003a24                I2C_GenerateSTART
 .text.I2C_GenerateSTOP
                0x08003a64       0x40 Libraries\STM32F10x_StdPeriph_Driver\src\stm32f10x_i2c.o
                0x08003a64                I2C_GenerateSTOP
 .text.I2C_AcknowledgeConfig
                0x08003aa4       0x40 Libraries\STM32F10x_StdPeriph_Driver\src\stm32f10x_i2c.o
                0x08003aa4                I2C_AcknowledgeConfig
 .text.I2C_SendData
                0x08003ae4       0x20 Libraries\STM32F10x_StdPeriph_Driver\src\stm32f10x_i2c.o
                0x08003ae4                I2C_SendData
 .text.I2C_ReceiveData
                0x08003b04       0x1c Libraries\STM32F10x_StdPeriph_Driver\src\stm32f10x_i2c.o
                0x08003b04                I2C_ReceiveData
 .text.I2C_Send7bitAddress
                0x08003b20       0x3c Libraries\STM32F10x_StdPeriph_Driver\src\stm32f10x_i2c.o
                0x08003b20                I2C_Send7bitAddress
 .text.I2C_CheckEvent
                0x08003b5c       0x60 Libraries\STM32F10x_StdPeriph_Driver\src\stm32f10x_i2c.o
                0x08003b5c                I2C_CheckEvent
 .text.I2C_GetFlagStatus
                0x08003bbc       0x68 Libraries\STM32F10x_StdPeriph_Driver\src\stm32f10x_i2c.o
                0x08003bbc                I2C_GetFlagStatus
 .text.GPIO_Init
                0x08003c24      0x178 Libraries\STM32F10x_StdPeriph_Driver\src\stm32f10x_gpio.o
                0x08003c24                GPIO_Init
 .text.GPIO_ReadOutputData
                0x08003d9c       0x1c Libraries\STM32F10x_StdPeriph_Driver\src\stm32f10x_gpio.o
                0x08003d9c                GPIO_ReadOutputData
 .text.GPIO_SetBits
                0x08003db8       0x1c Libraries\STM32F10x_StdPeriph_Driver\src\stm32f10x_gpio.o
                0x08003db8                GPIO_SetBits
 .text.GPIO_ResetBits
                0x08003dd4       0x1c Libraries\STM32F10x_StdPeriph_Driver\src\stm32f10x_gpio.o
                0x08003dd4                GPIO_ResetBits
 .text.DMA_DeInit
                0x08003df0      0x178 Libraries\STM32F10x_StdPeriph_Driver\src\stm32f10x_dma.o
                0x08003df0                DMA_DeInit
 .text.DMA_Init
                0x08003f68       0x7c Libraries\STM32F10x_StdPeriph_Driver\src\stm32f10x_dma.o
                0x08003f68                DMA_Init
 .text.DMA_StructInit
                0x08003fe4       0x54 Libraries\STM32F10x_StdPeriph_Driver\src\stm32f10x_dma.o
                0x08003fe4                DMA_StructInit
 .text.DMA_Cmd  0x08004038       0x38 Libraries\STM32F10x_StdPeriph_Driver\src\stm32f10x_dma.o
                0x08004038                DMA_Cmd
 .text.NVIC_Init
                0x08004070       0xc0 Libraries\STM32F10x_StdPeriph_Driver\src\misc.o
                0x08004070                NVIC_Init
 .text.__libc_init_array
                0x08004130       0x4c c:/program files (x86)/atollic/truestudio for arm 5.4.2/armtools/bin/../lib/gcc/arm-atollic-eabi/4.8.3/../../../../arm-atollic-eabi/lib/armv7-m\libc_s.a(lib_a-init.o)
                0x08004130                __libc_init_array
 *(.glue_7)
 .glue_7        0x00000000        0x0 linker stubs
 *(.glue_7t)
 .glue_7t       0x00000000        0x0 linker stubs
 *(.eh_frame)
 .eh_frame      0x0800417c        0x0 c:/program files (x86)/atollic/truestudio for arm 5.4.2/armtools/bin/../lib/gcc/arm-atollic-eabi/4.8.3/armv7-m/crtbegin.o
 *(.init)
 .init          0x0800417c        0x4 c:/program files (x86)/atollic/truestudio for arm 5.4.2/armtools/bin/../lib/gcc/arm-atollic-eabi/4.8.3/armv7-m/crti.o
                0x0800417c                _init
 .init          0x08004180        0x8 c:/program files (x86)/atollic/truestudio for arm 5.4.2/armtools/bin/../lib/gcc/arm-atollic-eabi/4.8.3/armv7-m/crtn.o
 *(.fini)
 .fini          0x08004188        0x4 c:/program files (x86)/atollic/truestudio for arm 5.4.2/armtools/bin/../lib/gcc/arm-atollic-eabi/4.8.3/armv7-m/crti.o
                0x08004188                _fini
 .fini          0x0800418c        0x8 c:/program files (x86)/atollic/truestudio for arm 5.4.2/armtools/bin/../lib/gcc/arm-atollic-eabi/4.8.3/armv7-m/crtn.o
                0x08004194                . = ALIGN (0x4)
                0x08004194                _etext = .

.vfp11_veneer   0x08004194        0x0
 .vfp11_veneer  0x00000000        0x0 linker stubs

.v4_bx          0x08004194        0x0
 .v4_bx         0x00000000        0x0 linker stubs

.iplt           0x08004194        0x0
 .iplt          0x00000000        0x0 c:/program files (x86)/atollic/truestudio for arm 5.4.2/armtools/bin/../lib/gcc/arm-atollic-eabi/4.8.3/armv7-m/crtbegin.o

.rel.dyn        0x08004194        0x0
 .rel.iplt      0x00000000        0x0 c:/program files (x86)/atollic/truestudio for arm 5.4.2/armtools/bin/../lib/gcc/arm-atollic-eabi/4.8.3/armv7-m/crtbegin.o

.rodata         0x08004194        0x0
                0x08004194                . = ALIGN (0x4)
 *(.rodata)
 *(.rodata*)
                0x08004194                . = ALIGN (0x4)

.ARM.extab
 *(.ARM.extab* .gnu.linkonce.armextab.*)

.ARM            0x08004194        0x0
                0x08004194                __exidx_start = .
 *(.ARM.exidx*)
                0x08004194                __exidx_end = .

.preinit_array  0x08004194        0x0
                0x08004194                PROVIDE (__preinit_array_start, .)
 *(.preinit_array*)
                0x08004194                PROVIDE (__preinit_array_end, .)

.init_array     0x08004194        0x4
                0x08004194                PROVIDE (__init_array_start, .)
 *(SORT(.init_array.*))
 *(.init_array*)
 .init_array    0x08004194        0x4 c:/program files (x86)/atollic/truestudio for arm 5.4.2/armtools/bin/../lib/gcc/arm-atollic-eabi/4.8.3/armv7-m/crtbegin.o
                0x08004198                PROVIDE (__init_array_end, .)

.fini_array     0x08004198        0x4
                0x08004198                PROVIDE (__fini_array_start, .)
 *(SORT(.fini_array.*))
 *(.fini_array*)
 .fini_array    0x08004198        0x4 c:/program files (x86)/atollic/truestudio for arm 5.4.2/armtools/bin/../lib/gcc/arm-atollic-eabi/4.8.3/armv7-m/crtbegin.o
                0x0800419c                PROVIDE (__fini_array_end, .)
                0x0800419c                _sidata = LOADADDR (.data)

.data           0x20000000       0x14 load address 0x0800419c
                0x20000000                . = ALIGN (0x4)
                0x20000000                _sdata = .
 *(.data)
 *(.data*)
 .data.APBAHBPrescTable
                0x20000000       0x10 Libraries\STM32F10x_StdPeriph_Driver\src\stm32f10x_rcc.o
 .data.ADCPrescTable
                0x20000010        0x4 Libraries\STM32F10x_StdPeriph_Driver\src\stm32f10x_rcc.o
                0x20000014                . = ALIGN (0x4)
                0x20000014                _edata = .

.igot.plt       0x20000014        0x0 load address 0x080041b0
 .igot.plt      0x00000000        0x0 c:/program files (x86)/atollic/truestudio for arm 5.4.2/armtools/bin/../lib/gcc/arm-atollic-eabi/4.8.3/armv7-m/crtbegin.o
                0x20000014                . = ALIGN (0x4)

.bss            0x20000014      0x52c load address 0x080041b0
                0x20000014                _sbss = .
                0x20000014                __bss_start__ = _sbss
 *(.bss)
 .bss           0x20000014       0x1c c:/program files (x86)/atollic/truestudio for arm 5.4.2/armtools/bin/../lib/gcc/arm-atollic-eabi/4.8.3/armv7-m/crtbegin.o
 *(.bss*)
 .bss.proceed   0x20000030        0x4 src\controlLoopTimer.o
                0x20000030                proceed
 .bss.crcTable  0x20000034      0x400 src\CRC.o
 .bss.currentCRC
                0x20000434        0x4 src\CRC.o
 *(COMMON)
 COMMON         0x20000438      0x106 src\serial_terminal.o
                0x20000438                Tx_chars
                0x2000043c                dataS4
                0x20000470                dataS2
                0x200004a2                lengthS1
                0x200004a4                dataS3
                0x200004d8                dataS1
                0x2000050c                TxBuff
 COMMON         0x2000053e        0x2 src\main.o
                0x2000053e                recVal
                0x20000540                . = ALIGN (0x4)
                0x20000540                _ebss = .
                0x20000540                __bss_end__ = _ebss

._user_heap_stack
                0x20000540      0x200 load address 0x080041b0
                0x20000540                . = ALIGN (0x4)
                0x20000540                PROVIDE (end, .)
                0x20000540                PROVIDE (_end, .)
                0x20000540                . = (. + _Min_Heap_Size)
                0x20000740                . = (. + _Min_Stack_Size)
 *fill*         0x20000540      0x200 
                0x20000740                . = ALIGN (0x4)

.memory_b1_text
 *(.mb1text)
 *(.mb1text*)
 *(.mb1rodata)
 *(.mb1rodata*)

/DISCARD/
 libc.a(*)
 libm.a(*)
 libgcc.a(*)

.ARM.attributes
                0x00000000       0x29
 *(.ARM.attributes)
 .ARM.attributes
                0x00000000       0x1d c:/program files (x86)/atollic/truestudio for arm 5.4.2/armtools/bin/../lib/gcc/arm-atollic-eabi/4.8.3/armv7-m/crti.o
 .ARM.attributes
                0x0000001d       0x2d c:/program files (x86)/atollic/truestudio for arm 5.4.2/armtools/bin/../lib/gcc/arm-atollic-eabi/4.8.3/armv7-m/crtbegin.o
 .ARM.attributes
                0x0000004a       0x33 src\system_stm32f10x.o
 .ARM.attributes
                0x0000007d       0x33 src\stm32f10x_it.o
 .ARM.attributes
                0x000000b0       0x21 src\startup_stm32f10x_hd.o
 .ARM.attributes
                0x000000d1       0x33 src\serial_terminal.o
 .ARM.attributes
                0x00000104       0x33 src\pwm.o
 .ARM.attributes
                0x00000137       0x33 src\main.o
 .ARM.attributes
                0x0000016a       0x33 src\gyro.o
 .ARM.attributes
                0x0000019d       0x33 src\gpioPorts.o
 .ARM.attributes
                0x000001d0       0x33 src\controlLoopTimer.o
 .ARM.attributes
                0x00000203       0x33 src\control.o
 .ARM.attributes
                0x00000236       0x33 src\XBEE.o
 .ARM.attributes
                0x00000269       0x33 src\CRC.o
 .ARM.attributes
                0x0000029c       0x33 src\AccMag.o
 .ARM.attributes
                0x000002cf       0x33 Libraries\STM32F10x_StdPeriph_Driver\src\stm32f10x_usart.o
 .ARM.attributes
                0x00000302       0x33 Libraries\STM32F10x_StdPeriph_Driver\src\stm32f10x_tim.o
 .ARM.attributes
                0x00000335       0x33 Libraries\STM32F10x_StdPeriph_Driver\src\stm32f10x_spi.o
 .ARM.attributes
                0x00000368       0x33 Libraries\STM32F10x_StdPeriph_Driver\src\stm32f10x_rcc.o
 .ARM.attributes
                0x0000039b       0x33 Libraries\STM32F10x_StdPeriph_Driver\src\stm32f10x_i2c.o
 .ARM.attributes
                0x000003ce       0x33 Libraries\STM32F10x_StdPeriph_Driver\src\stm32f10x_gpio.o
 .ARM.attributes
                0x00000401       0x33 Libraries\STM32F10x_StdPeriph_Driver\src\stm32f10x_dma.o
 .ARM.attributes
                0x00000434       0x33 Libraries\STM32F10x_StdPeriph_Driver\src\misc.o
 .ARM.attributes
                0x00000467       0x2d c:/program files (x86)/atollic/truestudio for arm 5.4.2/armtools/bin/../lib/gcc/arm-atollic-eabi/4.8.3/../../../../arm-atollic-eabi/lib/armv7-m\libc_s.a(lib_a-init.o)
 .ARM.attributes
                0x00000494       0x1d c:/program files (x86)/atollic/truestudio for arm 5.4.2/armtools/bin/../lib/gcc/arm-atollic-eabi/4.8.3/armv7-m\libgcc.a(_arm_addsubdf3.o)
 .ARM.attributes
                0x000004b1       0x1d c:/program files (x86)/atollic/truestudio for arm 5.4.2/armtools/bin/../lib/gcc/arm-atollic-eabi/4.8.3/armv7-m\libgcc.a(_arm_muldivdf3.o)
 .ARM.attributes
                0x000004ce       0x1d c:/program files (x86)/atollic/truestudio for arm 5.4.2/armtools/bin/../lib/gcc/arm-atollic-eabi/4.8.3/armv7-m\libgcc.a(_arm_truncdfsf2.o)
 .ARM.attributes
                0x000004eb       0x1d c:/program files (x86)/atollic/truestudio for arm 5.4.2/armtools/bin/../lib/gcc/arm-atollic-eabi/4.8.3/armv7-m\libgcc.a(_arm_addsubsf3.o)
 .ARM.attributes
                0x00000508       0x1d c:/program files (x86)/atollic/truestudio for arm 5.4.2/armtools/bin/../lib/gcc/arm-atollic-eabi/4.8.3/armv7-m/crtn.o
OUTPUT(Aldera_INEMO.elf elf32-littlearm)

.debug_info     0x00000000     0x86d5
 .debug_info    0x00000000      0x47d src\system_stm32f10x.o
 .debug_info    0x0000047d      0x133 src\stm32f10x_it.o
 .debug_info    0x000005b0       0xa5 src\startup_stm32f10x_hd.o
 .debug_info    0x00000655      0x2fc src\serial_terminal.o
 .debug_info    0x00000951      0x530 src\pwm.o
 .debug_info    0x00000e81      0x7b3 src\main.o
 .debug_info    0x00001634      0x699 src\gyro.o
 .debug_info    0x00001ccd      0x219 src\gpioPorts.o
 .debug_info    0x00001ee6      0x5d4 src\controlLoopTimer.o
 .debug_info    0x000024ba      0x11c src\control.o
 .debug_info    0x000025d6      0x5a2 src\XBEE.o
 .debug_info    0x00002b78      0x1bf src\CRC.o
 .debug_info    0x00002d37      0x627 src\AccMag.o
 .debug_info    0x0000335e      0x9ec Libraries\STM32F10x_StdPeriph_Driver\src\stm32f10x_usart.o
 .debug_info    0x00003d4a     0x1c5c Libraries\STM32F10x_StdPeriph_Driver\src\stm32f10x_tim.o
 .debug_info    0x000059a6      0x8f7 Libraries\STM32F10x_StdPeriph_Driver\src\stm32f10x_spi.o
 .debug_info    0x0000629d      0x891 Libraries\STM32F10x_StdPeriph_Driver\src\stm32f10x_rcc.o
 .debug_info    0x00006b2e      0xb04 Libraries\STM32F10x_StdPeriph_Driver\src\stm32f10x_i2c.o
 .debug_info    0x00007632      0x6eb Libraries\STM32F10x_StdPeriph_Driver\src\stm32f10x_gpio.o
 .debug_info    0x00007d1d      0x477 Libraries\STM32F10x_StdPeriph_Driver\src\stm32f10x_dma.o
 .debug_info    0x00008194      0x541 Libraries\STM32F10x_StdPeriph_Driver\src\misc.o

.debug_abbrev   0x00000000     0x1a3b
 .debug_abbrev  0x00000000      0x14e src\system_stm32f10x.o
 .debug_abbrev  0x0000014e       0x67 src\stm32f10x_it.o
 .debug_abbrev  0x000001b5       0x12 src\startup_stm32f10x_hd.o
 .debug_abbrev  0x000001c7      0x110 src\serial_terminal.o
 .debug_abbrev  0x000002d7       0xfc src\pwm.o
 .debug_abbrev  0x000003d3      0x17d src\main.o
 .debug_abbrev  0x00000550      0x1eb src\gyro.o
 .debug_abbrev  0x0000073b       0xef src\gpioPorts.o
 .debug_abbrev  0x0000082a      0x13b src\controlLoopTimer.o
 .debug_abbrev  0x00000965       0x9d src\control.o
 .debug_abbrev  0x00000a02      0x178 src\XBEE.o
 .debug_abbrev  0x00000b7a       0xce src\CRC.o
 .debug_abbrev  0x00000c48      0x1d3 src\AccMag.o
 .debug_abbrev  0x00000e1b      0x164 Libraries\STM32F10x_StdPeriph_Driver\src\stm32f10x_usart.o
 .debug_abbrev  0x00000f7f      0x1b2 Libraries\STM32F10x_StdPeriph_Driver\src\stm32f10x_tim.o
 .debug_abbrev  0x00001131      0x180 Libraries\STM32F10x_StdPeriph_Driver\src\stm32f10x_spi.o
 .debug_abbrev  0x000012b1      0x1bc Libraries\STM32F10x_StdPeriph_Driver\src\stm32f10x_rcc.o
 .debug_abbrev  0x0000146d      0x166 Libraries\STM32F10x_StdPeriph_Driver\src\stm32f10x_i2c.o
 .debug_abbrev  0x000015d3      0x1ca Libraries\STM32F10x_StdPeriph_Driver\src\stm32f10x_gpio.o
 .debug_abbrev  0x0000179d      0x157 Libraries\STM32F10x_StdPeriph_Driver\src\stm32f10x_dma.o
 .debug_abbrev  0x000018f4      0x147 Libraries\STM32F10x_StdPeriph_Driver\src\misc.o

.debug_aranges  0x00000000      0xb18
 .debug_aranges
                0x00000000       0x38 src\system_stm32f10x.o
 .debug_aranges
                0x00000038       0x60 src\stm32f10x_it.o
 .debug_aranges
                0x00000098       0x28 src\startup_stm32f10x_hd.o
 .debug_aranges
                0x000000c0       0x28 src\serial_terminal.o
 .debug_aranges
                0x000000e8       0x20 src\pwm.o
 .debug_aranges
                0x00000108       0x30 src\main.o
 .debug_aranges
                0x00000138       0x58 src\gyro.o
 .debug_aranges
                0x00000190       0x20 src\gpioPorts.o
 .debug_aranges
                0x000001b0       0x30 src\controlLoopTimer.o
 .debug_aranges
                0x000001e0       0x20 src\control.o
 .debug_aranges
                0x00000200       0x38 src\XBEE.o
 .debug_aranges
                0x00000238       0x30 src\CRC.o
 .debug_aranges
                0x00000268       0x60 src\AccMag.o
 .debug_aranges
                0x000002c8      0x100 Libraries\STM32F10x_StdPeriph_Driver\src\stm32f10x_usart.o
 .debug_aranges
                0x000003c8      0x2f0 Libraries\STM32F10x_StdPeriph_Driver\src\stm32f10x_tim.o
 .debug_aranges
                0x000006b8       0xd0 Libraries\STM32F10x_StdPeriph_Driver\src\stm32f10x_spi.o
 .debug_aranges
                0x00000788      0x118 Libraries\STM32F10x_StdPeriph_Driver\src\stm32f10x_rcc.o
 .debug_aranges
                0x000008a0      0x120 Libraries\STM32F10x_StdPeriph_Driver\src\stm32f10x_i2c.o
 .debug_aranges
                0x000009c0       0xa8 Libraries\STM32F10x_StdPeriph_Driver\src\stm32f10x_gpio.o
 .debug_aranges
                0x00000a68       0x70 Libraries\STM32F10x_StdPeriph_Driver\src\stm32f10x_dma.o
 .debug_aranges
                0x00000ad8       0x40 Libraries\STM32F10x_StdPeriph_Driver\src\misc.o

.debug_ranges   0x00000000      0x9d0
 .debug_ranges  0x00000000       0x28 src\system_stm32f10x.o
 .debug_ranges  0x00000028       0x50 src\stm32f10x_it.o
 .debug_ranges  0x00000078       0x20 src\startup_stm32f10x_hd.o
 .debug_ranges  0x00000098       0x18 src\serial_terminal.o
 .debug_ranges  0x000000b0       0x10 src\pwm.o
 .debug_ranges  0x000000c0       0x20 src\main.o
 .debug_ranges  0x000000e0       0x48 src\gyro.o
 .debug_ranges  0x00000128       0x10 src\gpioPorts.o
 .debug_ranges  0x00000138       0x20 src\controlLoopTimer.o
 .debug_ranges  0x00000158       0x10 src\control.o
 .debug_ranges  0x00000168       0x28 src\XBEE.o
 .debug_ranges  0x00000190       0x20 src\CRC.o
 .debug_ranges  0x000001b0       0x50 src\AccMag.o
 .debug_ranges  0x00000200       0xf0 Libraries\STM32F10x_StdPeriph_Driver\src\stm32f10x_usart.o
 .debug_ranges  0x000002f0      0x2e0 Libraries\STM32F10x_StdPeriph_Driver\src\stm32f10x_tim.o
 .debug_ranges  0x000005d0       0xc0 Libraries\STM32F10x_StdPeriph_Driver\src\stm32f10x_spi.o
 .debug_ranges  0x00000690      0x108 Libraries\STM32F10x_StdPeriph_Driver\src\stm32f10x_rcc.o
 .debug_ranges  0x00000798      0x110 Libraries\STM32F10x_StdPeriph_Driver\src\stm32f10x_i2c.o
 .debug_ranges  0x000008a8       0x98 Libraries\STM32F10x_StdPeriph_Driver\src\stm32f10x_gpio.o
 .debug_ranges  0x00000940       0x60 Libraries\STM32F10x_StdPeriph_Driver\src\stm32f10x_dma.o
 .debug_ranges  0x000009a0       0x30 Libraries\STM32F10x_StdPeriph_Driver\src\misc.o

.debug_line     0x00000000     0x423b
 .debug_line    0x00000000      0x21c src\system_stm32f10x.o
 .debug_line    0x0000021c      0x1e2 src\stm32f10x_it.o
 .debug_line    0x000003fe       0x7c src\startup_stm32f10x_hd.o
 .debug_line    0x0000047a      0x1fb src\serial_terminal.o
 .debug_line    0x00000675      0x1e9 src\pwm.o
 .debug_line    0x0000085e      0x228 src\main.o
 .debug_line    0x00000a86      0x357 src\gyro.o
 .debug_line    0x00000ddd      0x1cf src\gpioPorts.o
 .debug_line    0x00000fac      0x210 src\controlLoopTimer.o
 .debug_line    0x000011bc      0x188 src\control.o
 .debug_line    0x00001344      0x279 src\XBEE.o
 .debug_line    0x000015bd      0x172 src\CRC.o
 .debug_line    0x0000172f      0x5b1 src\AccMag.o
 .debug_line    0x00001ce0      0x48d Libraries\STM32F10x_StdPeriph_Driver\src\stm32f10x_usart.o
 .debug_line    0x0000216d      0xa6e Libraries\STM32F10x_StdPeriph_Driver\src\stm32f10x_tim.o
 .debug_line    0x00002bdb      0x415 Libraries\STM32F10x_StdPeriph_Driver\src\stm32f10x_spi.o
 .debug_line    0x00002ff0      0x4b0 Libraries\STM32F10x_StdPeriph_Driver\src\stm32f10x_rcc.o
 .debug_line    0x000034a0      0x4ca Libraries\STM32F10x_StdPeriph_Driver\src\stm32f10x_i2c.o
 .debug_line    0x0000396a      0x3a2 Libraries\STM32F10x_StdPeriph_Driver\src\stm32f10x_gpio.o
 .debug_line    0x00003d0c      0x2f7 Libraries\STM32F10x_StdPeriph_Driver\src\stm32f10x_dma.o
 .debug_line    0x00004003      0x238 Libraries\STM32F10x_StdPeriph_Driver\src\misc.o

.debug_str      0x00000000     0x2f93
 .debug_str     0x00000000      0x2d8 src\system_stm32f10x.o
                                0x34c (size before relaxing)
 .debug_str     0x000002d8       0xa6 src\stm32f10x_it.o
                                0x24c (size before relaxing)
 .debug_str     0x0000037e      0x1cb src\serial_terminal.o
                                0x39c (size before relaxing)
 .debug_str     0x00000549      0x366 src\pwm.o
                                0x550 (size before relaxing)
 .debug_str     0x000008af       0xff src\main.o
                                0x4a4 (size before relaxing)
 .debug_str     0x000009ae      0x198 src\gyro.o
                                0x533 (size before relaxing)
 .debug_str     0x00000b46       0x1d src\gpioPorts.o
                                0x32a (size before relaxing)
 .debug_str     0x00000b63      0x483 src\controlLoopTimer.o
                                0x810 (size before relaxing)
 .debug_str     0x00000fe6       0x1f src\control.o
                                0x1e5 (size before relaxing)
 .debug_str     0x00001005      0x19a src\XBEE.o
                                0x59f (size before relaxing)
 .debug_str     0x0000119f       0x6e src\CRC.o
                                0x23b (size before relaxing)
 .debug_str     0x0000120d      0x141 src\AccMag.o
                                0x4e9 (size before relaxing)
 .debug_str     0x0000134e      0x421 Libraries\STM32F10x_StdPeriph_Driver\src\stm32f10x_usart.o
                                0x711 (size before relaxing)
 .debug_str     0x0000176f      0x9d7 Libraries\STM32F10x_StdPeriph_Driver\src\stm32f10x_tim.o
                                0xe5e (size before relaxing)
 .debug_str     0x00002146      0x2cb Libraries\STM32F10x_StdPeriph_Driver\src\stm32f10x_spi.o
                                0x67e (size before relaxing)
 .debug_str     0x00002411      0x375 Libraries\STM32F10x_StdPeriph_Driver\src\stm32f10x_rcc.o
                                0x69b (size before relaxing)
 .debug_str     0x00002786      0x33a Libraries\STM32F10x_StdPeriph_Driver\src\stm32f10x_i2c.o
                                0x6e7 (size before relaxing)
 .debug_str     0x00002ac0      0x245 Libraries\STM32F10x_StdPeriph_Driver\src\stm32f10x_gpio.o
                                0x59a (size before relaxing)
 .debug_str     0x00002d05      0x13a Libraries\STM32F10x_StdPeriph_Driver\src\stm32f10x_dma.o
                                0x438 (size before relaxing)
 .debug_str     0x00002e3f      0x154 Libraries\STM32F10x_StdPeriph_Driver\src\misc.o
                                0x43f (size before relaxing)

.comment        0x00000000       0x82
 .comment       0x00000000       0x82 src\system_stm32f10x.o
                                 0x83 (size before relaxing)
 .comment       0x00000000       0x83 src\stm32f10x_it.o
 .comment       0x00000000       0x83 src\serial_terminal.o
 .comment       0x00000000       0x83 src\pwm.o
 .comment       0x00000000       0x83 src\main.o
 .comment       0x00000000       0x83 src\gyro.o
 .comment       0x00000000       0x83 src\gpioPorts.o
 .comment       0x00000000       0x83 src\controlLoopTimer.o
 .comment       0x00000000       0x83 src\control.o
 .comment       0x00000000       0x83 src\XBEE.o
 .comment       0x00000000       0x83 src\CRC.o
 .comment       0x00000000       0x83 src\AccMag.o
 .comment       0x00000000       0x83 Libraries\STM32F10x_StdPeriph_Driver\src\stm32f10x_usart.o
 .comment       0x00000000       0x83 Libraries\STM32F10x_StdPeriph_Driver\src\stm32f10x_tim.o
 .comment       0x00000000       0x83 Libraries\STM32F10x_StdPeriph_Driver\src\stm32f10x_spi.o
 .comment       0x00000000       0x83 Libraries\STM32F10x_StdPeriph_Driver\src\stm32f10x_rcc.o
 .comment       0x00000000       0x83 Libraries\STM32F10x_StdPeriph_Driver\src\stm32f10x_i2c.o
 .comment       0x00000000       0x83 Libraries\STM32F10x_StdPeriph_Driver\src\stm32f10x_gpio.o
 .comment       0x00000000       0x83 Libraries\STM32F10x_StdPeriph_Driver\src\stm32f10x_dma.o
 .comment       0x00000000       0x83 Libraries\STM32F10x_StdPeriph_Driver\src\misc.o

.debug_frame    0x00000000     0x2188
 .debug_frame   0x00000000       0x80 src\system_stm32f10x.o
 .debug_frame   0x00000080       0xe8 src\stm32f10x_it.o
 .debug_frame   0x00000168       0x4c src\serial_terminal.o
 .debug_frame   0x000001b4       0x30 src\pwm.o
 .debug_frame   0x000001e4       0x70 src\main.o
 .debug_frame   0x00000254      0x100 src\gyro.o
 .debug_frame   0x00000354       0x30 src\gpioPorts.o
 .debug_frame   0x00000384       0x64 src\controlLoopTimer.o
 .debug_frame   0x000003e8       0x30 src\control.o
 .debug_frame   0x00000418       0x90 src\XBEE.o
 .debug_frame   0x000004a8       0x64 src\CRC.o
 .debug_frame   0x0000050c      0x124 src\AccMag.o
 .debug_frame   0x00000630      0x344 Libraries\STM32F10x_StdPeriph_Driver\src\stm32f10x_usart.o
 .debug_frame   0x00000974      0xa20 Libraries\STM32F10x_StdPeriph_Driver\src\stm32f10x_tim.o
 .debug_frame   0x00001394      0x29c Libraries\STM32F10x_StdPeriph_Driver\src\stm32f10x_spi.o
 .debug_frame   0x00001630      0x388 Libraries\STM32F10x_StdPeriph_Driver\src\stm32f10x_rcc.o
 .debug_frame   0x000019b8      0x3b4 Libraries\STM32F10x_StdPeriph_Driver\src\stm32f10x_i2c.o
 .debug_frame   0x00001d6c      0x210 Libraries\STM32F10x_StdPeriph_Driver\src\stm32f10x_gpio.o
 .debug_frame   0x00001f7c      0x144 Libraries\STM32F10x_StdPeriph_Driver\src\stm32f10x_dma.o
 .debug_frame   0x000020c0       0x9c Libraries\STM32F10x_StdPeriph_Driver\src\misc.o
 .debug_frame   0x0000215c       0x2c c:/program files (x86)/atollic/truestudio for arm 5.4.2/armtools/bin/../lib/gcc/arm-atollic-eabi/4.8.3/../../../../arm-atollic-eabi/lib/armv7-m\libc_s.a(lib_a-init.o)

Cross Reference Table

Symbol                                            File
ADC1_2_IRQHandler                                 src\startup_stm32f10x_hd.o
ADC3_IRQHandler                                   src\startup_stm32f10x_hd.o
ADC_AnalogWatchdogCmd                             Libraries\STM32F10x_StdPeriph_Driver\src\stm32f10x_adc.o
ADC_AnalogWatchdogSingleChannelConfig             Libraries\STM32F10x_StdPeriph_Driver\src\stm32f10x_adc.o
ADC_AnalogWatchdogThresholdsConfig                Libraries\STM32F10x_StdPeriph_Driver\src\stm32f10x_adc.o
ADC_AutoInjectedConvCmd                           Libraries\STM32F10x_StdPeriph_Driver\src\stm32f10x_adc.o
ADC_ClearFlag                                     Libraries\STM32F10x_StdPeriph_Driver\src\stm32f10x_adc.o
ADC_ClearITPendingBit                             Libraries\STM32F10x_StdPeriph_Driver\src\stm32f10x_adc.o
ADC_Cmd                                           Libraries\STM32F10x_StdPeriph_Driver\src\stm32f10x_adc.o
                                                  src\ADC.o
ADC_ConvertedValue                                src\ADC.o
ADC_DMACmd                                        Libraries\STM32F10x_StdPeriph_Driver\src\stm32f10x_adc.o
                                                  src\ADC.o
ADC_DeInit                                        Libraries\STM32F10x_StdPeriph_Driver\src\stm32f10x_adc.o
ADC_DiscModeChannelCountConfig                    Libraries\STM32F10x_StdPeriph_Driver\src\stm32f10x_adc.o
ADC_DiscModeCmd                                   Libraries\STM32F10x_StdPeriph_Driver\src\stm32f10x_adc.o
ADC_ExternalTrigConvCmd                           Libraries\STM32F10x_StdPeriph_Driver\src\stm32f10x_adc.o
ADC_ExternalTrigInjectedConvCmd                   Libraries\STM32F10x_StdPeriph_Driver\src\stm32f10x_adc.o
ADC_ExternalTrigInjectedConvConfig                Libraries\STM32F10x_StdPeriph_Driver\src\stm32f10x_adc.o
ADC_GetCalibrationStatus                          Libraries\STM32F10x_StdPeriph_Driver\src\stm32f10x_adc.o
                                                  src\ADC.o
ADC_GetConversionValue                            Libraries\STM32F10x_StdPeriph_Driver\src\stm32f10x_adc.o
ADC_GetDualModeConversionValue                    Libraries\STM32F10x_StdPeriph_Driver\src\stm32f10x_adc.o
ADC_GetFlagStatus                                 Libraries\STM32F10x_StdPeriph_Driver\src\stm32f10x_adc.o
ADC_GetITStatus                                   Libraries\STM32F10x_StdPeriph_Driver\src\stm32f10x_adc.o
ADC_GetInjectedConversionValue                    Libraries\STM32F10x_StdPeriph_Driver\src\stm32f10x_adc.o
ADC_GetResetCalibrationStatus                     Libraries\STM32F10x_StdPeriph_Driver\src\stm32f10x_adc.o
                                                  src\ADC.o
ADC_GetSoftwareStartConvStatus                    Libraries\STM32F10x_StdPeriph_Driver\src\stm32f10x_adc.o
ADC_GetSoftwareStartInjectedConvCmdStatus         Libraries\STM32F10x_StdPeriph_Driver\src\stm32f10x_adc.o
ADC_ITConfig                                      Libraries\STM32F10x_StdPeriph_Driver\src\stm32f10x_adc.o
ADC_Init                                          Libraries\STM32F10x_StdPeriph_Driver\src\stm32f10x_adc.o
                                                  src\ADC.o
ADC_InjectedChannelConfig                         Libraries\STM32F10x_StdPeriph_Driver\src\stm32f10x_adc.o
ADC_InjectedDiscModeCmd                           Libraries\STM32F10x_StdPeriph_Driver\src\stm32f10x_adc.o
ADC_InjectedSequencerLengthConfig                 Libraries\STM32F10x_StdPeriph_Driver\src\stm32f10x_adc.o
ADC_RegularChannelConfig                          Libraries\STM32F10x_StdPeriph_Driver\src\stm32f10x_adc.o
                                                  src\ADC.o
ADC_ResetCalibration                              Libraries\STM32F10x_StdPeriph_Driver\src\stm32f10x_adc.o
                                                  src\ADC.o
ADC_SetInjectedOffset                             Libraries\STM32F10x_StdPeriph_Driver\src\stm32f10x_adc.o
ADC_SoftwareStartConvCmd                          Libraries\STM32F10x_StdPeriph_Driver\src\stm32f10x_adc.o
                                                  src\ADC.o
ADC_SoftwareStartInjectedConvCmd                  Libraries\STM32F10x_StdPeriph_Driver\src\stm32f10x_adc.o
ADC_StartCalibration                              Libraries\STM32F10x_StdPeriph_Driver\src\stm32f10x_adc.o
                                                  src\ADC.o
ADC_StructInit                                    Libraries\STM32F10x_StdPeriph_Driver\src\stm32f10x_adc.o
ADC_TempSensorVrefintCmd                          Libraries\STM32F10x_StdPeriph_Driver\src\stm32f10x_adc.o
AHBPrescTable                                     src\system_stm32f10x.o
BKP_ClearFlag                                     Libraries\STM32F10x_StdPeriph_Driver\src\stm32f10x_bkp.o
BKP_ClearITPendingBit                             Libraries\STM32F10x_StdPeriph_Driver\src\stm32f10x_bkp.o
BKP_DeInit                                        Libraries\STM32F10x_StdPeriph_Driver\src\stm32f10x_bkp.o
BKP_GetFlagStatus                                 Libraries\STM32F10x_StdPeriph_Driver\src\stm32f10x_bkp.o
BKP_GetITStatus                                   Libraries\STM32F10x_StdPeriph_Driver\src\stm32f10x_bkp.o
BKP_ITConfig                                      Libraries\STM32F10x_StdPeriph_Driver\src\stm32f10x_bkp.o
BKP_RTCOutputConfig                               Libraries\STM32F10x_StdPeriph_Driver\src\stm32f10x_bkp.o
BKP_ReadBackupRegister                            Libraries\STM32F10x_StdPeriph_Driver\src\stm32f10x_bkp.o
BKP_SetRTCCalibrationValue                        Libraries\STM32F10x_StdPeriph_Driver\src\stm32f10x_bkp.o
BKP_TamperPinCmd                                  Libraries\STM32F10x_StdPeriph_Driver\src\stm32f10x_bkp.o
BKP_TamperPinLevelConfig                          Libraries\STM32F10x_StdPeriph_Driver\src\stm32f10x_bkp.o
BKP_WriteBackupRegister                           Libraries\STM32F10x_StdPeriph_Driver\src\stm32f10x_bkp.o
BusFault_Handler                                  src\stm32f10x_it.o
CAN1_RX1_IRQHandler                               src\startup_stm32f10x_hd.o
CAN1_SCE_IRQHandler                               src\startup_stm32f10x_hd.o
CAN_CancelTransmit                                Libraries\STM32F10x_StdPeriph_Driver\src\stm32f10x_can.o
CAN_ClearFlag                                     Libraries\STM32F10x_StdPeriph_Driver\src\stm32f10x_can.o
CAN_ClearITPendingBit                             Libraries\STM32F10x_StdPeriph_Driver\src\stm32f10x_can.o
CAN_DBGFreeze                                     Libraries\STM32F10x_StdPeriph_Driver\src\stm32f10x_can.o
CAN_DeInit                                        Libraries\STM32F10x_StdPeriph_Driver\src\stm32f10x_can.o
CAN_FIFORelease                                   Libraries\STM32F10x_StdPeriph_Driver\src\stm32f10x_can.o
CAN_FilterInit                                    Libraries\STM32F10x_StdPeriph_Driver\src\stm32f10x_can.o
CAN_GetFlagStatus                                 Libraries\STM32F10x_StdPeriph_Driver\src\stm32f10x_can.o
CAN_GetITStatus                                   Libraries\STM32F10x_StdPeriph_Driver\src\stm32f10x_can.o
CAN_GetLSBTransmitErrorCounter                    Libraries\STM32F10x_StdPeriph_Driver\src\stm32f10x_can.o
CAN_GetLastErrorCode                              Libraries\STM32F10x_StdPeriph_Driver\src\stm32f10x_can.o
CAN_GetReceiveErrorCounter                        Libraries\STM32F10x_StdPeriph_Driver\src\stm32f10x_can.o
CAN_ITConfig                                      Libraries\STM32F10x_StdPeriph_Driver\src\stm32f10x_can.o
CAN_Init                                          Libraries\STM32F10x_StdPeriph_Driver\src\stm32f10x_can.o
CAN_MessagePending                                Libraries\STM32F10x_StdPeriph_Driver\src\stm32f10x_can.o
CAN_OperatingModeRequest                          Libraries\STM32F10x_StdPeriph_Driver\src\stm32f10x_can.o
CAN_Receive                                       Libraries\STM32F10x_StdPeriph_Driver\src\stm32f10x_can.o
CAN_SlaveStartBank                                Libraries\STM32F10x_StdPeriph_Driver\src\stm32f10x_can.o
CAN_Sleep                                         Libraries\STM32F10x_StdPeriph_Driver\src\stm32f10x_can.o
CAN_StructInit                                    Libraries\STM32F10x_StdPeriph_Driver\src\stm32f10x_can.o
CAN_TTComModeCmd                                  Libraries\STM32F10x_StdPeriph_Driver\src\stm32f10x_can.o
CAN_Transmit                                      Libraries\STM32F10x_StdPeriph_Driver\src\stm32f10x_can.o
CAN_TransmitStatus                                Libraries\STM32F10x_StdPeriph_Driver\src\stm32f10x_can.o
CAN_WakeUp                                        Libraries\STM32F10x_StdPeriph_Driver\src\stm32f10x_can.o
CEC_ClearFlag                                     Libraries\STM32F10x_StdPeriph_Driver\src\stm32f10x_cec.o
CEC_ClearITPendingBit                             Libraries\STM32F10x_StdPeriph_Driver\src\stm32f10x_cec.o
CEC_Cmd                                           Libraries\STM32F10x_StdPeriph_Driver\src\stm32f10x_cec.o
CEC_DeInit                                        Libraries\STM32F10x_StdPeriph_Driver\src\stm32f10x_cec.o
CEC_EndOfMessageCmd                               Libraries\STM32F10x_StdPeriph_Driver\src\stm32f10x_cec.o
CEC_GetFlagStatus                                 Libraries\STM32F10x_StdPeriph_Driver\src\stm32f10x_cec.o
CEC_GetITStatus                                   Libraries\STM32F10x_StdPeriph_Driver\src\stm32f10x_cec.o
CEC_ITConfig                                      Libraries\STM32F10x_StdPeriph_Driver\src\stm32f10x_cec.o
CEC_Init                                          Libraries\STM32F10x_StdPeriph_Driver\src\stm32f10x_cec.o
CEC_OwnAddressConfig                              Libraries\STM32F10x_StdPeriph_Driver\src\stm32f10x_cec.o
CEC_ReceiveDataByte                               Libraries\STM32F10x_StdPeriph_Driver\src\stm32f10x_cec.o
CEC_SendDataByte                                  Libraries\STM32F10x_StdPeriph_Driver\src\stm32f10x_cec.o
CEC_SetPrescaler                                  Libraries\STM32F10x_StdPeriph_Driver\src\stm32f10x_cec.o
CEC_StartOfMessage                                Libraries\STM32F10x_StdPeriph_Driver\src\stm32f10x_cec.o
CRC_CalcBlockCRC                                  Libraries\STM32F10x_StdPeriph_Driver\src\stm32f10x_crc.o
CRC_CalcCRC                                       Libraries\STM32F10x_StdPeriph_Driver\src\stm32f10x_crc.o
CRC_GetCRC                                        Libraries\STM32F10x_StdPeriph_Driver\src\stm32f10x_crc.o
CRC_GetIDRegister                                 Libraries\STM32F10x_StdPeriph_Driver\src\stm32f10x_crc.o
CRC_ResetDR                                       Libraries\STM32F10x_StdPeriph_Driver\src\stm32f10x_crc.o
CRC_SetIDRegister                                 Libraries\STM32F10x_StdPeriph_Driver\src\stm32f10x_crc.o
DAC_Cmd                                           Libraries\STM32F10x_StdPeriph_Driver\src\stm32f10x_dac.o
DAC_DMACmd                                        Libraries\STM32F10x_StdPeriph_Driver\src\stm32f10x_dac.o
DAC_DeInit                                        Libraries\STM32F10x_StdPeriph_Driver\src\stm32f10x_dac.o
DAC_DualSoftwareTriggerCmd                        Libraries\STM32F10x_StdPeriph_Driver\src\stm32f10x_dac.o
DAC_GetDataOutputValue                            Libraries\STM32F10x_StdPeriph_Driver\src\stm32f10x_dac.o
DAC_Init                                          Libraries\STM32F10x_StdPeriph_Driver\src\stm32f10x_dac.o
DAC_SetChannel1Data                               Libraries\STM32F10x_StdPeriph_Driver\src\stm32f10x_dac.o
DAC_SetChannel2Data                               Libraries\STM32F10x_StdPeriph_Driver\src\stm32f10x_dac.o
DAC_SetDualChannelData                            Libraries\STM32F10x_StdPeriph_Driver\src\stm32f10x_dac.o
DAC_SoftwareTriggerCmd                            Libraries\STM32F10x_StdPeriph_Driver\src\stm32f10x_dac.o
DAC_StructInit                                    Libraries\STM32F10x_StdPeriph_Driver\src\stm32f10x_dac.o
DAC_WaveGenerationCmd                             Libraries\STM32F10x_StdPeriph_Driver\src\stm32f10x_dac.o
DBGMCU_Config                                     Libraries\STM32F10x_StdPeriph_Driver\src\stm32f10x_dbgmcu.o
DBGMCU_GetDEVID                                   Libraries\STM32F10x_StdPeriph_Driver\src\stm32f10x_dbgmcu.o
DBGMCU_GetREVID                                   Libraries\STM32F10x_StdPeriph_Driver\src\stm32f10x_dbgmcu.o
DMA1_Channel1_IRQHandler                          src\startup_stm32f10x_hd.o
DMA1_Channel2_IRQHandler                          src\startup_stm32f10x_hd.o
DMA1_Channel3_IRQHandler                          src\startup_stm32f10x_hd.o
DMA1_Channel4_IRQHandler                          src\startup_stm32f10x_hd.o
DMA1_Channel5_IRQHandler                          src\startup_stm32f10x_hd.o
DMA1_Channel6_IRQHandler                          src\startup_stm32f10x_hd.o
DMA1_Channel7_IRQHandler                          src\startup_stm32f10x_hd.o
DMA2_Channel1_IRQHandler                          src\startup_stm32f10x_hd.o
DMA2_Channel2_IRQHandler                          src\startup_stm32f10x_hd.o
DMA2_Channel3_IRQHandler                          src\startup_stm32f10x_hd.o
DMA2_Channel4_5_IRQHandler                        src\startup_stm32f10x_hd.o
DMA_ClearFlag                                     Libraries\STM32F10x_StdPeriph_Driver\src\stm32f10x_dma.o
                                                  src\ADC.o
DMA_ClearITPendingBit                             Libraries\STM32F10x_StdPeriph_Driver\src\stm32f10x_dma.o
DMA_Cmd                                           Libraries\STM32F10x_StdPeriph_Driver\src\stm32f10x_dma.o
                                                  src\ADC.o
                                                  src\XBEE.o
DMA_DeInit                                        Libraries\STM32F10x_StdPeriph_Driver\src\stm32f10x_dma.o
                                                  src\DMA.o
                                                  src\main.o
DMA_GetCurrDataCounter                            Libraries\STM32F10x_StdPeriph_Driver\src\stm32f10x_dma.o
DMA_GetFlagStatus                                 Libraries\STM32F10x_StdPeriph_Driver\src\stm32f10x_dma.o
                                                  src\ADC.o
DMA_GetITStatus                                   Libraries\STM32F10x_StdPeriph_Driver\src\stm32f10x_dma.o
DMA_ITConfig                                      Libraries\STM32F10x_StdPeriph_Driver\src\stm32f10x_dma.o
DMA_Init                                          Libraries\STM32F10x_StdPeriph_Driver\src\stm32f10x_dma.o
                                                  src\DMA.o
                                                  src\XBEE.o
DMA_SetCurrDataCounter                            Libraries\STM32F10x_StdPeriph_Driver\src\stm32f10x_dma.o
DMA_StructInit                                    Libraries\STM32F10x_StdPeriph_Driver\src\stm32f10x_dma.o
                                                  src\XBEE.o
DebugMon_Handler                                  src\stm32f10x_it.o
Default_Handler                                   src\startup_stm32f10x_hd.o
EXTI0_IRQHandler                                  src\startup_stm32f10x_hd.o
EXTI15_10_IRQHandler                              src\startup_stm32f10x_hd.o
EXTI1_IRQHandler                                  src\startup_stm32f10x_hd.o
EXTI2_IRQHandler                                  src\startup_stm32f10x_hd.o
EXTI3_IRQHandler                                  src\startup_stm32f10x_hd.o
EXTI4_IRQHandler                                  src\startup_stm32f10x_hd.o
EXTI9_5_IRQHandler                                src\startup_stm32f10x_hd.o
EXTI_ClearFlag                                    Libraries\STM32F10x_StdPeriph_Driver\src\stm32f10x_exti.o
EXTI_ClearITPendingBit                            Libraries\STM32F10x_StdPeriph_Driver\src\stm32f10x_exti.o
EXTI_DeInit                                       Libraries\STM32F10x_StdPeriph_Driver\src\stm32f10x_exti.o
EXTI_GenerateSWInterrupt                          Libraries\STM32F10x_StdPeriph_Driver\src\stm32f10x_exti.o
EXTI_GetFlagStatus                                Libraries\STM32F10x_StdPeriph_Driver\src\stm32f10x_exti.o
EXTI_GetITStatus                                  Libraries\STM32F10x_StdPeriph_Driver\src\stm32f10x_exti.o
EXTI_Init                                         Libraries\STM32F10x_StdPeriph_Driver\src\stm32f10x_exti.o
EXTI_StructInit                                   Libraries\STM32F10x_StdPeriph_Driver\src\stm32f10x_exti.o
FLASH_ClearFlag                                   Libraries\STM32F10x_StdPeriph_Driver\src\stm32f10x_flash.o
FLASH_EnableWriteProtection                       Libraries\STM32F10x_StdPeriph_Driver\src\stm32f10x_flash.o
FLASH_EraseAllBank1Pages                          Libraries\STM32F10x_StdPeriph_Driver\src\stm32f10x_flash.o
FLASH_EraseAllPages                               Libraries\STM32F10x_StdPeriph_Driver\src\stm32f10x_flash.o
FLASH_EraseOptionBytes                            Libraries\STM32F10x_StdPeriph_Driver\src\stm32f10x_flash.o
FLASH_ErasePage                                   Libraries\STM32F10x_StdPeriph_Driver\src\stm32f10x_flash.o
FLASH_GetBank1Status                              Libraries\STM32F10x_StdPeriph_Driver\src\stm32f10x_flash.o
FLASH_GetFlagStatus                               Libraries\STM32F10x_StdPeriph_Driver\src\stm32f10x_flash.o
FLASH_GetPrefetchBufferStatus                     Libraries\STM32F10x_StdPeriph_Driver\src\stm32f10x_flash.o
FLASH_GetReadOutProtectionStatus                  Libraries\STM32F10x_StdPeriph_Driver\src\stm32f10x_flash.o
FLASH_GetStatus                                   Libraries\STM32F10x_StdPeriph_Driver\src\stm32f10x_flash.o
FLASH_GetUserOptionByte                           Libraries\STM32F10x_StdPeriph_Driver\src\stm32f10x_flash.o
FLASH_GetWriteProtectionOptionByte                Libraries\STM32F10x_StdPeriph_Driver\src\stm32f10x_flash.o
FLASH_HalfCycleAccessCmd                          Libraries\STM32F10x_StdPeriph_Driver\src\stm32f10x_flash.o
FLASH_IRQHandler                                  src\startup_stm32f10x_hd.o
FLASH_ITConfig                                    Libraries\STM32F10x_StdPeriph_Driver\src\stm32f10x_flash.o
FLASH_Lock                                        Libraries\STM32F10x_StdPeriph_Driver\src\stm32f10x_flash.o
FLASH_LockBank1                                   Libraries\STM32F10x_StdPeriph_Driver\src\stm32f10x_flash.o
FLASH_PrefetchBufferCmd                           Libraries\STM32F10x_StdPeriph_Driver\src\stm32f10x_flash.o
FLASH_ProgramHalfWord                             Libraries\STM32F10x_StdPeriph_Driver\src\stm32f10x_flash.o
FLASH_ProgramOptionByteData                       Libraries\STM32F10x_StdPeriph_Driver\src\stm32f10x_flash.o
FLASH_ProgramWord                                 Libraries\STM32F10x_StdPeriph_Driver\src\stm32f10x_flash.o
FLASH_ReadOutProtection                           Libraries\STM32F10x_StdPeriph_Driver\src\stm32f10x_flash.o
FLASH_SetLatency                                  Libraries\STM32F10x_StdPeriph_Driver\src\stm32f10x_flash.o
FLASH_Unlock                                      Libraries\STM32F10x_StdPeriph_Driver\src\stm32f10x_flash.o
FLASH_UnlockBank1                                 Libraries\STM32F10x_StdPeriph_Driver\src\stm32f10x_flash.o
FLASH_UserOptionByteConfig                        Libraries\STM32F10x_StdPeriph_Driver\src\stm32f10x_flash.o
FLASH_WaitForLastBank1Operation                   Libraries\STM32F10x_StdPeriph_Driver\src\stm32f10x_flash.o
FLASH_WaitForLastOperation                        Libraries\STM32F10x_StdPeriph_Driver\src\stm32f10x_flash.o
FSMC_ClearFlag                                    Libraries\STM32F10x_StdPeriph_Driver\src\stm32f10x_fsmc.o
FSMC_ClearITPendingBit                            Libraries\STM32F10x_StdPeriph_Driver\src\stm32f10x_fsmc.o
FSMC_GetECC                                       Libraries\STM32F10x_StdPeriph_Driver\src\stm32f10x_fsmc.o
FSMC_GetFlagStatus                                Libraries\STM32F10x_StdPeriph_Driver\src\stm32f10x_fsmc.o
FSMC_GetITStatus                                  Libraries\STM32F10x_StdPeriph_Driver\src\stm32f10x_fsmc.o
FSMC_IRQHandler                                   src\startup_stm32f10x_hd.o
FSMC_ITConfig                                     Libraries\STM32F10x_StdPeriph_Driver\src\stm32f10x_fsmc.o
FSMC_NANDCmd                                      Libraries\STM32F10x_StdPeriph_Driver\src\stm32f10x_fsmc.o
FSMC_NANDDeInit                                   Libraries\STM32F10x_StdPeriph_Driver\src\stm32f10x_fsmc.o
FSMC_NANDECCCmd                                   Libraries\STM32F10x_StdPeriph_Driver\src\stm32f10x_fsmc.o
FSMC_NANDInit                                     Libraries\STM32F10x_StdPeriph_Driver\src\stm32f10x_fsmc.o
FSMC_NANDStructInit                               Libraries\STM32F10x_StdPeriph_Driver\src\stm32f10x_fsmc.o
FSMC_NORSRAMCmd                                   Libraries\STM32F10x_StdPeriph_Driver\src\stm32f10x_fsmc.o
FSMC_NORSRAMDeInit                                Libraries\STM32F10x_StdPeriph_Driver\src\stm32f10x_fsmc.o
FSMC_NORSRAMInit                                  Libraries\STM32F10x_StdPeriph_Driver\src\stm32f10x_fsmc.o
FSMC_NORSRAMStructInit                            Libraries\STM32F10x_StdPeriph_Driver\src\stm32f10x_fsmc.o
FSMC_PCCARDCmd                                    Libraries\STM32F10x_StdPeriph_Driver\src\stm32f10x_fsmc.o
FSMC_PCCARDDeInit                                 Libraries\STM32F10x_StdPeriph_Driver\src\stm32f10x_fsmc.o
FSMC_PCCARDInit                                   Libraries\STM32F10x_StdPeriph_Driver\src\stm32f10x_fsmc.o
FSMC_PCCARDStructInit                             Libraries\STM32F10x_StdPeriph_Driver\src\stm32f10x_fsmc.o
GPIO_AFIODeInit                                   Libraries\STM32F10x_StdPeriph_Driver\src\stm32f10x_gpio.o
GPIO_DeInit                                       Libraries\STM32F10x_StdPeriph_Driver\src\stm32f10x_gpio.o
GPIO_ETH_MediaInterfaceConfig                     Libraries\STM32F10x_StdPeriph_Driver\src\stm32f10x_gpio.o
GPIO_EXTILineConfig                               Libraries\STM32F10x_StdPeriph_Driver\src\stm32f10x_gpio.o
GPIO_EventOutputCmd                               Libraries\STM32F10x_StdPeriph_Driver\src\stm32f10x_gpio.o
GPIO_EventOutputConfig                            Libraries\STM32F10x_StdPeriph_Driver\src\stm32f10x_gpio.o
GPIO_Init                                         Libraries\STM32F10x_StdPeriph_Driver\src\stm32f10x_gpio.o
                                                  src\ADC.o
                                                  src\AccMag.o
                                                  src\I2C.o
                                                  src\SPI.o
                                                  src\USART.o
                                                  src\XBEE.o
                                                  src\gpioPorts.o
                                                  src\gyro.o
                                                  src\pwm.o
                                                  src\testPorts.o
GPIO_PinLockConfig                                Libraries\STM32F10x_StdPeriph_Driver\src\stm32f10x_gpio.o
GPIO_PinRemapConfig                               Libraries\STM32F10x_StdPeriph_Driver\src\stm32f10x_gpio.o
GPIO_ReadInputData                                Libraries\STM32F10x_StdPeriph_Driver\src\stm32f10x_gpio.o
GPIO_ReadInputDataBit                             Libraries\STM32F10x_StdPeriph_Driver\src\stm32f10x_gpio.o
GPIO_ReadOutputData                               Libraries\STM32F10x_StdPeriph_Driver\src\stm32f10x_gpio.o
                                                  src\main.o
GPIO_ReadOutputDataBit                            Libraries\STM32F10x_StdPeriph_Driver\src\stm32f10x_gpio.o
GPIO_ResetBits                                    Libraries\STM32F10x_StdPeriph_Driver\src\stm32f10x_gpio.o
                                                  src\SPI.o
                                                  src\gyro.o
                                                  src\main.o
                                                  src\testPorts.o
GPIO_SetBits                                      Libraries\STM32F10x_StdPeriph_Driver\src\stm32f10x_gpio.o
                                                  src\SPI.o
                                                  src\gyro.o
                                                  src\main.o
                                                  src\testPorts.o
GPIO_StructInit                                   Libraries\STM32F10x_StdPeriph_Driver\src\stm32f10x_gpio.o
GPIO_Write                                        Libraries\STM32F10x_StdPeriph_Driver\src\stm32f10x_gpio.o
GPIO_WriteBit                                     Libraries\STM32F10x_StdPeriph_Driver\src\stm32f10x_gpio.o
HardFault_Handler                                 src\stm32f10x_it.o
I2C1_ER_IRQHandler                                src\startup_stm32f10x_hd.o
I2C1_EV_IRQHandler                                src\startup_stm32f10x_hd.o
I2C2_ER_IRQHandler                                src\startup_stm32f10x_hd.o
I2C2_EV_IRQHandler                                src\startup_stm32f10x_hd.o
I2CRead                                           src\I2C.o
I2CWrite                                          src\I2C.o
I2C_ARPCmd                                        Libraries\STM32F10x_StdPeriph_Driver\src\stm32f10x_i2c.o
I2C_AcknowledgeConfig                             Libraries\STM32F10x_StdPeriph_Driver\src\stm32f10x_i2c.o
                                                  src\AccMag.o
                                                  src\I2C.o
I2C_CalculatePEC                                  Libraries\STM32F10x_StdPeriph_Driver\src\stm32f10x_i2c.o
I2C_CheckEvent                                    Libraries\STM32F10x_StdPeriph_Driver\src\stm32f10x_i2c.o
                                                  src\AccMag.o
                                                  src\I2C.o
I2C_ClearFlag                                     Libraries\STM32F10x_StdPeriph_Driver\src\stm32f10x_i2c.o
I2C_ClearITPendingBit                             Libraries\STM32F10x_StdPeriph_Driver\src\stm32f10x_i2c.o
I2C_Cmd                                           Libraries\STM32F10x_StdPeriph_Driver\src\stm32f10x_i2c.o
                                                  src\AccMag.o
                                                  src\I2C.o
I2C_DMACmd                                        Libraries\STM32F10x_StdPeriph_Driver\src\stm32f10x_i2c.o
I2C_DMALastTransferCmd                            Libraries\STM32F10x_StdPeriph_Driver\src\stm32f10x_i2c.o
I2C_DeInit                                        Libraries\STM32F10x_StdPeriph_Driver\src\stm32f10x_i2c.o
                                                  src\AccMag.o
                                                  src\I2C.o
I2C_DualAddressCmd                                Libraries\STM32F10x_StdPeriph_Driver\src\stm32f10x_i2c.o
I2C_FastModeDutyCycleConfig                       Libraries\STM32F10x_StdPeriph_Driver\src\stm32f10x_i2c.o
I2C_GeneralCallCmd                                Libraries\STM32F10x_StdPeriph_Driver\src\stm32f10x_i2c.o
I2C_GenerateSTART                                 Libraries\STM32F10x_StdPeriph_Driver\src\stm32f10x_i2c.o
                                                  src\AccMag.o
                                                  src\I2C.o
I2C_GenerateSTOP                                  Libraries\STM32F10x_StdPeriph_Driver\src\stm32f10x_i2c.o
                                                  src\AccMag.o
                                                  src\I2C.o
I2C_GetFlagStatus                                 Libraries\STM32F10x_StdPeriph_Driver\src\stm32f10x_i2c.o
                                                  src\AccMag.o
                                                  src\I2C.o
I2C_GetITStatus                                   Libraries\STM32F10x_StdPeriph_Driver\src\stm32f10x_i2c.o
I2C_GetLastEvent                                  Libraries\STM32F10x_StdPeriph_Driver\src\stm32f10x_i2c.o
I2C_GetPEC                                        Libraries\STM32F10x_StdPeriph_Driver\src\stm32f10x_i2c.o
I2C_ITConfig                                      Libraries\STM32F10x_StdPeriph_Driver\src\stm32f10x_i2c.o
I2C_Init                                          Libraries\STM32F10x_StdPeriph_Driver\src\stm32f10x_i2c.o
                                                  src\AccMag.o
                                                  src\I2C.o
I2C_NACKPositionConfig                            Libraries\STM32F10x_StdPeriph_Driver\src\stm32f10x_i2c.o
I2C_OwnAddress2Config                             Libraries\STM32F10x_StdPeriph_Driver\src\stm32f10x_i2c.o
I2C_PECPositionConfig                             Libraries\STM32F10x_StdPeriph_Driver\src\stm32f10x_i2c.o
I2C_ReadRegister                                  Libraries\STM32F10x_StdPeriph_Driver\src\stm32f10x_i2c.o
I2C_ReceiveData                                   Libraries\STM32F10x_StdPeriph_Driver\src\stm32f10x_i2c.o
                                                  src\AccMag.o
                                                  src\I2C.o
I2C_SMBusAlertConfig                              Libraries\STM32F10x_StdPeriph_Driver\src\stm32f10x_i2c.o
I2C_Send7bitAddress                               Libraries\STM32F10x_StdPeriph_Driver\src\stm32f10x_i2c.o
                                                  src\AccMag.o
                                                  src\I2C.o
I2C_SendData                                      Libraries\STM32F10x_StdPeriph_Driver\src\stm32f10x_i2c.o
                                                  src\AccMag.o
                                                  src\I2C.o
I2C_SoftwareResetCmd                              Libraries\STM32F10x_StdPeriph_Driver\src\stm32f10x_i2c.o
I2C_StretchClockCmd                               Libraries\STM32F10x_StdPeriph_Driver\src\stm32f10x_i2c.o
I2C_StructInit                                    Libraries\STM32F10x_StdPeriph_Driver\src\stm32f10x_i2c.o
I2C_TransmitPEC                                   Libraries\STM32F10x_StdPeriph_Driver\src\stm32f10x_i2c.o
I2S_Cmd                                           Libraries\STM32F10x_StdPeriph_Driver\src\stm32f10x_spi.o
I2S_Init                                          Libraries\STM32F10x_StdPeriph_Driver\src\stm32f10x_spi.o
I2S_StructInit                                    Libraries\STM32F10x_StdPeriph_Driver\src\stm32f10x_spi.o
IWDG_Enable                                       Libraries\STM32F10x_StdPeriph_Driver\src\stm32f10x_iwdg.o
IWDG_GetFlagStatus                                Libraries\STM32F10x_StdPeriph_Driver\src\stm32f10x_iwdg.o
IWDG_ReloadCounter                                Libraries\STM32F10x_StdPeriph_Driver\src\stm32f10x_iwdg.o
IWDG_SetPrescaler                                 Libraries\STM32F10x_StdPeriph_Driver\src\stm32f10x_iwdg.o
IWDG_SetReload                                    Libraries\STM32F10x_StdPeriph_Driver\src\stm32f10x_iwdg.o
IWDG_WriteAccessCmd                               Libraries\STM32F10x_StdPeriph_Driver\src\stm32f10x_iwdg.o
MemManage_Handler                                 src\stm32f10x_it.o
NMI_Handler                                       src\stm32f10x_it.o
NVIC_Init                                         Libraries\STM32F10x_StdPeriph_Driver\src\misc.o
                                                  src\controlLoopTimer.o
NVIC_PriorityGroupConfig                          Libraries\STM32F10x_StdPeriph_Driver\src\misc.o
NVIC_SetVectorTable                               Libraries\STM32F10x_StdPeriph_Driver\src\misc.o
NVIC_SystemLPConfig                               Libraries\STM32F10x_StdPeriph_Driver\src\misc.o
PVD_IRQHandler                                    src\startup_stm32f10x_hd.o
PWR_BackupAccessCmd                               Libraries\STM32F10x_StdPeriph_Driver\src\stm32f10x_pwr.o
PWR_ClearFlag                                     Libraries\STM32F10x_StdPeriph_Driver\src\stm32f10x_pwr.o
PWR_DeInit                                        Libraries\STM32F10x_StdPeriph_Driver\src\stm32f10x_pwr.o
PWR_EnterSTANDBYMode                              Libraries\STM32F10x_StdPeriph_Driver\src\stm32f10x_pwr.o
PWR_EnterSTOPMode                                 Libraries\STM32F10x_StdPeriph_Driver\src\stm32f10x_pwr.o
PWR_GetFlagStatus                                 Libraries\STM32F10x_StdPeriph_Driver\src\stm32f10x_pwr.o
PWR_PVDCmd                                        Libraries\STM32F10x_StdPeriph_Driver\src\stm32f10x_pwr.o
PWR_PVDLevelConfig                                Libraries\STM32F10x_StdPeriph_Driver\src\stm32f10x_pwr.o
PWR_WakeUpPinCmd                                  Libraries\STM32F10x_StdPeriph_Driver\src\stm32f10x_pwr.o
PendSV_Handler                                    src\stm32f10x_it.o
RCC_ADCCLKConfig                                  Libraries\STM32F10x_StdPeriph_Driver\src\stm32f10x_rcc.o
RCC_AHBPeriphClockCmd                             Libraries\STM32F10x_StdPeriph_Driver\src\stm32f10x_rcc.o
                                                  src\DMA.o
                                                  src\XBEE.o
RCC_APB1PeriphClockCmd                            Libraries\STM32F10x_StdPeriph_Driver\src\stm32f10x_rcc.o
                                                  src\AccMag.o
                                                  src\I2C.o
                                                  src\USART.o
                                                  src\XBEE.o
                                                  src\controlLoopTimer.o
                                                  src\gyro.o
                                                  src\pwm.o
RCC_APB1PeriphResetCmd                            Libraries\STM32F10x_StdPeriph_Driver\src\stm32f10x_rcc.o
                                                  Libraries\STM32F10x_StdPeriph_Driver\src\stm32f10x_can.o
                                                  Libraries\STM32F10x_StdPeriph_Driver\src\stm32f10x_cec.o
                                                  Libraries\STM32F10x_StdPeriph_Driver\src\stm32f10x_dac.o
                                                  Libraries\STM32F10x_StdPeriph_Driver\src\stm32f10x_i2c.o
                                                  Libraries\STM32F10x_StdPeriph_Driver\src\stm32f10x_pwr.o
                                                  Libraries\STM32F10x_StdPeriph_Driver\src\stm32f10x_spi.o
                                                  Libraries\STM32F10x_StdPeriph_Driver\src\stm32f10x_tim.o
                                                  Libraries\STM32F10x_StdPeriph_Driver\src\stm32f10x_usart.o
                                                  Libraries\STM32F10x_StdPeriph_Driver\src\stm32f10x_wwdg.o
RCC_APB2PeriphClockCmd                            Libraries\STM32F10x_StdPeriph_Driver\src\stm32f10x_rcc.o
                                                  src\ADC.o
                                                  src\AccMag.o
                                                  src\I2C.o
                                                  src\SPI.o
                                                  src\XBEE.o
                                                  src\gpioPorts.o
                                                  src\gyro.o
                                                  src\pwm.o
                                                  src\testPorts.o
RCC_APB2PeriphResetCmd                            Libraries\STM32F10x_StdPeriph_Driver\src\stm32f10x_rcc.o
                                                  Libraries\STM32F10x_StdPeriph_Driver\src\stm32f10x_adc.o
                                                  Libraries\STM32F10x_StdPeriph_Driver\src\stm32f10x_gpio.o
                                                  Libraries\STM32F10x_StdPeriph_Driver\src\stm32f10x_spi.o
                                                  Libraries\STM32F10x_StdPeriph_Driver\src\stm32f10x_tim.o
                                                  Libraries\STM32F10x_StdPeriph_Driver\src\stm32f10x_usart.o
RCC_AdjustHSICalibrationValue                     Libraries\STM32F10x_StdPeriph_Driver\src\stm32f10x_rcc.o
RCC_BackupResetCmd                                Libraries\STM32F10x_StdPeriph_Driver\src\stm32f10x_rcc.o
                                                  Libraries\STM32F10x_StdPeriph_Driver\src\stm32f10x_bkp.o
RCC_ClearFlag                                     Libraries\STM32F10x_StdPeriph_Driver\src\stm32f10x_rcc.o
RCC_ClearITPendingBit                             Libraries\STM32F10x_StdPeriph_Driver\src\stm32f10x_rcc.o
RCC_ClockSecuritySystemCmd                        Libraries\STM32F10x_StdPeriph_Driver\src\stm32f10x_rcc.o
RCC_DeInit                                        Libraries\STM32F10x_StdPeriph_Driver\src\stm32f10x_rcc.o
RCC_GetClocksFreq                                 Libraries\STM32F10x_StdPeriph_Driver\src\stm32f10x_rcc.o
                                                  Libraries\STM32F10x_StdPeriph_Driver\src\stm32f10x_i2c.o
                                                  Libraries\STM32F10x_StdPeriph_Driver\src\stm32f10x_spi.o
                                                  Libraries\STM32F10x_StdPeriph_Driver\src\stm32f10x_usart.o
RCC_GetFlagStatus                                 Libraries\STM32F10x_StdPeriph_Driver\src\stm32f10x_rcc.o
RCC_GetITStatus                                   Libraries\STM32F10x_StdPeriph_Driver\src\stm32f10x_rcc.o
RCC_GetSYSCLKSource                               Libraries\STM32F10x_StdPeriph_Driver\src\stm32f10x_rcc.o
RCC_HCLKConfig                                    Libraries\STM32F10x_StdPeriph_Driver\src\stm32f10x_rcc.o
RCC_HSEConfig                                     Libraries\STM32F10x_StdPeriph_Driver\src\stm32f10x_rcc.o
RCC_HSICmd                                        Libraries\STM32F10x_StdPeriph_Driver\src\stm32f10x_rcc.o
RCC_IRQHandler                                    src\startup_stm32f10x_hd.o
RCC_ITConfig                                      Libraries\STM32F10x_StdPeriph_Driver\src\stm32f10x_rcc.o
RCC_LSEConfig                                     Libraries\STM32F10x_StdPeriph_Driver\src\stm32f10x_rcc.o
RCC_LSICmd                                        Libraries\STM32F10x_StdPeriph_Driver\src\stm32f10x_rcc.o
RCC_MCOConfig                                     Libraries\STM32F10x_StdPeriph_Driver\src\stm32f10x_rcc.o
RCC_PCLK1Config                                   Libraries\STM32F10x_StdPeriph_Driver\src\stm32f10x_rcc.o
RCC_PCLK2Config                                   Libraries\STM32F10x_StdPeriph_Driver\src\stm32f10x_rcc.o
RCC_PLLCmd                                        Libraries\STM32F10x_StdPeriph_Driver\src\stm32f10x_rcc.o
RCC_PLLConfig                                     Libraries\STM32F10x_StdPeriph_Driver\src\stm32f10x_rcc.o
RCC_RTCCLKCmd                                     Libraries\STM32F10x_StdPeriph_Driver\src\stm32f10x_rcc.o
RCC_RTCCLKConfig                                  Libraries\STM32F10x_StdPeriph_Driver\src\stm32f10x_rcc.o
RCC_SYSCLKConfig                                  Libraries\STM32F10x_StdPeriph_Driver\src\stm32f10x_rcc.o
RCC_USBCLKConfig                                  Libraries\STM32F10x_StdPeriph_Driver\src\stm32f10x_rcc.o
RCC_WaitForHSEStartUp                             Libraries\STM32F10x_StdPeriph_Driver\src\stm32f10x_rcc.o
RTCAlarm_IRQHandler                               src\startup_stm32f10x_hd.o
RTC_ClearFlag                                     Libraries\STM32F10x_StdPeriph_Driver\src\stm32f10x_rtc.o
RTC_ClearITPendingBit                             Libraries\STM32F10x_StdPeriph_Driver\src\stm32f10x_rtc.o
RTC_EnterConfigMode                               Libraries\STM32F10x_StdPeriph_Driver\src\stm32f10x_rtc.o
RTC_ExitConfigMode                                Libraries\STM32F10x_StdPeriph_Driver\src\stm32f10x_rtc.o
RTC_GetCounter                                    Libraries\STM32F10x_StdPeriph_Driver\src\stm32f10x_rtc.o
RTC_GetDivider                                    Libraries\STM32F10x_StdPeriph_Driver\src\stm32f10x_rtc.o
RTC_GetFlagStatus                                 Libraries\STM32F10x_StdPeriph_Driver\src\stm32f10x_rtc.o
RTC_GetITStatus                                   Libraries\STM32F10x_StdPeriph_Driver\src\stm32f10x_rtc.o
RTC_IRQHandler                                    src\startup_stm32f10x_hd.o
RTC_ITConfig                                      Libraries\STM32F10x_StdPeriph_Driver\src\stm32f10x_rtc.o
RTC_SetAlarm                                      Libraries\STM32F10x_StdPeriph_Driver\src\stm32f10x_rtc.o
RTC_SetCounter                                    Libraries\STM32F10x_StdPeriph_Driver\src\stm32f10x_rtc.o
RTC_SetPrescaler                                  Libraries\STM32F10x_StdPeriph_Driver\src\stm32f10x_rtc.o
RTC_WaitForLastTask                               Libraries\STM32F10x_StdPeriph_Driver\src\stm32f10x_rtc.o
RTC_WaitForSynchro                                Libraries\STM32F10x_StdPeriph_Driver\src\stm32f10x_rtc.o
Reset_Handler                                     src\startup_stm32f10x_hd.o
SDIO_CEATAITCmd                                   Libraries\STM32F10x_StdPeriph_Driver\src\stm32f10x_sdio.o
SDIO_ClearFlag                                    Libraries\STM32F10x_StdPeriph_Driver\src\stm32f10x_sdio.o
SDIO_ClearITPendingBit                            Libraries\STM32F10x_StdPeriph_Driver\src\stm32f10x_sdio.o
SDIO_ClockCmd                                     Libraries\STM32F10x_StdPeriph_Driver\src\stm32f10x_sdio.o
SDIO_CmdStructInit                                Libraries\STM32F10x_StdPeriph_Driver\src\stm32f10x_sdio.o
SDIO_CommandCompletionCmd                         Libraries\STM32F10x_StdPeriph_Driver\src\stm32f10x_sdio.o
SDIO_DMACmd                                       Libraries\STM32F10x_StdPeriph_Driver\src\stm32f10x_sdio.o
SDIO_DataConfig                                   Libraries\STM32F10x_StdPeriph_Driver\src\stm32f10x_sdio.o
SDIO_DataStructInit                               Libraries\STM32F10x_StdPeriph_Driver\src\stm32f10x_sdio.o
SDIO_DeInit                                       Libraries\STM32F10x_StdPeriph_Driver\src\stm32f10x_sdio.o
SDIO_GetCommandResponse                           Libraries\STM32F10x_StdPeriph_Driver\src\stm32f10x_sdio.o
SDIO_GetDataCounter                               Libraries\STM32F10x_StdPeriph_Driver\src\stm32f10x_sdio.o
SDIO_GetFIFOCount                                 Libraries\STM32F10x_StdPeriph_Driver\src\stm32f10x_sdio.o
SDIO_GetFlagStatus                                Libraries\STM32F10x_StdPeriph_Driver\src\stm32f10x_sdio.o
SDIO_GetITStatus                                  Libraries\STM32F10x_StdPeriph_Driver\src\stm32f10x_sdio.o
SDIO_GetPowerState                                Libraries\STM32F10x_StdPeriph_Driver\src\stm32f10x_sdio.o
SDIO_GetResponse                                  Libraries\STM32F10x_StdPeriph_Driver\src\stm32f10x_sdio.o
SDIO_IRQHandler                                   src\startup_stm32f10x_hd.o
SDIO_ITConfig                                     Libraries\STM32F10x_StdPeriph_Driver\src\stm32f10x_sdio.o
SDIO_Init                                         Libraries\STM32F10x_StdPeriph_Driver\src\stm32f10x_sdio.o
SDIO_ReadData                                     Libraries\STM32F10x_StdPeriph_Driver\src\stm32f10x_sdio.o
SDIO_SendCEATACmd                                 Libraries\STM32F10x_StdPeriph_Driver\src\stm32f10x_sdio.o
SDIO_SendCommand                                  Libraries\STM32F10x_StdPeriph_Driver\src\stm32f10x_sdio.o
SDIO_SendSDIOSuspendCmd                           Libraries\STM32F10x_StdPeriph_Driver\src\stm32f10x_sdio.o
SDIO_SetPowerState                                Libraries\STM32F10x_StdPeriph_Driver\src\stm32f10x_sdio.o
SDIO_SetSDIOOperation                             Libraries\STM32F10x_StdPeriph_Driver\src\stm32f10x_sdio.o
SDIO_SetSDIOReadWaitMode                          Libraries\STM32F10x_StdPeriph_Driver\src\stm32f10x_sdio.o
SDIO_StartSDIOReadWait                            Libraries\STM32F10x_StdPeriph_Driver\src\stm32f10x_sdio.o
SDIO_StopSDIOReadWait                             Libraries\STM32F10x_StdPeriph_Driver\src\stm32f10x_sdio.o
SDIO_StructInit                                   Libraries\STM32F10x_StdPeriph_Driver\src\stm32f10x_sdio.o
SDIO_WriteData                                    Libraries\STM32F10x_StdPeriph_Driver\src\stm32f10x_sdio.o
SPI1_IRQHandler                                   src\startup_stm32f10x_hd.o
SPI2_IRQHandler                                   src\startup_stm32f10x_hd.o
SPI3_IRQHandler                                   src\startup_stm32f10x_hd.o
SPI_BiDirectionalLineConfig                       Libraries\STM32F10x_StdPeriph_Driver\src\stm32f10x_spi.o
SPI_CalculateCRC                                  Libraries\STM32F10x_StdPeriph_Driver\src\stm32f10x_spi.o
SPI_Cmd                                           Libraries\STM32F10x_StdPeriph_Driver\src\stm32f10x_spi.o
                                                  src\SPI.o
                                                  src\gyro.o
SPI_DataSizeConfig                                Libraries\STM32F10x_StdPeriph_Driver\src\stm32f10x_spi.o
SPI_GetCRC                                        Libraries\STM32F10x_StdPeriph_Driver\src\stm32f10x_spi.o
SPI_GetCRCPolynomial                              Libraries\STM32F10x_StdPeriph_Driver\src\stm32f10x_spi.o
SPI_I2S_ClearFlag                                 Libraries\STM32F10x_StdPeriph_Driver\src\stm32f10x_spi.o
SPI_I2S_ClearITPendingBit                         Libraries\STM32F10x_StdPeriph_Driver\src\stm32f10x_spi.o
SPI_I2S_DMACmd                                    Libraries\STM32F10x_StdPeriph_Driver\src\stm32f10x_spi.o
SPI_I2S_DeInit                                    Libraries\STM32F10x_StdPeriph_Driver\src\stm32f10x_spi.o
                                                  src\SPI.o
                                                  src\gyro.o
SPI_I2S_GetFlagStatus                             Libraries\STM32F10x_StdPeriph_Driver\src\stm32f10x_spi.o
                                                  src\SPI.o
                                                  src\gyro.o
SPI_I2S_GetITStatus                               Libraries\STM32F10x_StdPeriph_Driver\src\stm32f10x_spi.o
SPI_I2S_ITConfig                                  Libraries\STM32F10x_StdPeriph_Driver\src\stm32f10x_spi.o
SPI_I2S_ReceiveData                               Libraries\STM32F10x_StdPeriph_Driver\src\stm32f10x_spi.o
                                                  src\SPI.o
                                                  src\gyro.o
SPI_I2S_SendData                                  Libraries\STM32F10x_StdPeriph_Driver\src\stm32f10x_spi.o
                                                  src\SPI.o
                                                  src\gyro.o
SPI_Init                                          Libraries\STM32F10x_StdPeriph_Driver\src\stm32f10x_spi.o
                                                  src\SPI.o
                                                  src\gyro.o